../Core/Src/stm32f0xx_hal_msp.c:65:6:HAL_MspInit	8	static
../Core/Src/stm32f0xx_hal_msp.c:87:6:HAL_ADC_MspInit	48	static
../Core/Src/stm32f0xx_hal_msp.c:137:6:HAL_ADC_MspDeInit	8	static
../Core/Src/stm32f0xx_hal_msp.c:167:6:HAL_I2C_MspInit	40	static
../Core/Src/stm32f0xx_hal_msp.c:203:6:HAL_I2C_MspDeInit	8	static
../Core/Src/stm32f0xx_hal_msp.c:234:6:HAL_SPI_MspInit	40	static
../Core/Src/stm32f0xx_hal_msp.c:270:6:HAL_SPI_MspDeInit	8	static
../Core/Src/stm32f0xx_hal_msp.c:299:6:HAL_TIM_Encoder_MspInit	40	static
../Core/Src/stm32f0xx_hal_msp.c:343:6:HAL_TIM_Base_MspInit	16	static
../Core/Src/stm32f0xx_hal_msp.c:382:6:HAL_TIM_Encoder_MspDeInit	8	static
../Core/Src/stm32f0xx_hal_msp.c:413:6:HAL_TIM_Base_MspDeInit	8	static
