Archive member included to satisfy reference by file (symbol)

C:/ST/STM32CubeIDE_1.16.1/STM32CubeIDE/plugins/com.st.stm32cube.ide.mcu.externaltools.gnu-tools-for-stm32.12.3.rel1.win32_1.0.200.202406191623/tools/bin/../lib/gcc/arm-none-eabi/12.3.1/../../../../arm-none-eabi/lib/thumb/v6-m/nofp\libc_nano.a(libc_a-exit.o)
                              C:/ST/STM32CubeIDE_1.16.1/STM32CubeIDE/plugins/com.st.stm32cube.ide.mcu.externaltools.gnu-tools-for-stm32.12.3.rel1.win32_1.0.200.202406191623/tools/bin/../lib/gcc/arm-none-eabi/12.3.1/../../../../arm-none-eabi/lib/thumb/v6-m/nofp/crt0.o (exit)
C:/ST/STM32CubeIDE_1.16.1/STM32CubeIDE/plugins/com.st.stm32cube.ide.mcu.externaltools.gnu-tools-for-stm32.12.3.rel1.win32_1.0.200.202406191623/tools/bin/../lib/gcc/arm-none-eabi/12.3.1/../../../../arm-none-eabi/lib/thumb/v6-m/nofp\libc_nano.a(libc_a-findfp.o)
                              C:/ST/STM32CubeIDE_1.16.1/STM32CubeIDE/plugins/com.st.stm32cube.ide.mcu.externaltools.gnu-tools-for-stm32.12.3.rel1.win32_1.0.200.202406191623/tools/bin/../lib/gcc/arm-none-eabi/12.3.1/../../../../arm-none-eabi/lib/thumb/v6-m/nofp\libc_nano.a(libc_a-exit.o) (__stdio_exit_handler)
C:/ST/STM32CubeIDE_1.16.1/STM32CubeIDE/plugins/com.st.stm32cube.ide.mcu.externaltools.gnu-tools-for-stm32.12.3.rel1.win32_1.0.200.202406191623/tools/bin/../lib/gcc/arm-none-eabi/12.3.1/../../../../arm-none-eabi/lib/thumb/v6-m/nofp\libc_nano.a(libc_a-fwalk.o)
                              C:/ST/STM32CubeIDE_1.16.1/STM32CubeIDE/plugins/com.st.stm32cube.ide.mcu.externaltools.gnu-tools-for-stm32.12.3.rel1.win32_1.0.200.202406191623/tools/bin/../lib/gcc/arm-none-eabi/12.3.1/../../../../arm-none-eabi/lib/thumb/v6-m/nofp\libc_nano.a(libc_a-findfp.o) (_fwalk_sglue)
C:/ST/STM32CubeIDE_1.16.1/STM32CubeIDE/plugins/com.st.stm32cube.ide.mcu.externaltools.gnu-tools-for-stm32.12.3.rel1.win32_1.0.200.202406191623/tools/bin/../lib/gcc/arm-none-eabi/12.3.1/../../../../arm-none-eabi/lib/thumb/v6-m/nofp\libc_nano.a(libc_a-snprintf.o)
                              ./Core/Src/gui.o (snprintf)
C:/ST/STM32CubeIDE_1.16.1/STM32CubeIDE/plugins/com.st.stm32cube.ide.mcu.externaltools.gnu-tools-for-stm32.12.3.rel1.win32_1.0.200.202406191623/tools/bin/../lib/gcc/arm-none-eabi/12.3.1/../../../../arm-none-eabi/lib/thumb/v6-m/nofp\libc_nano.a(libc_a-stdio.o)
                              C:/ST/STM32CubeIDE_1.16.1/STM32CubeIDE/plugins/com.st.stm32cube.ide.mcu.externaltools.gnu-tools-for-stm32.12.3.rel1.win32_1.0.200.202406191623/tools/bin/../lib/gcc/arm-none-eabi/12.3.1/../../../../arm-none-eabi/lib/thumb/v6-m/nofp\libc_nano.a(libc_a-findfp.o) (__sread)
C:/ST/STM32CubeIDE_1.16.1/STM32CubeIDE/plugins/com.st.stm32cube.ide.mcu.externaltools.gnu-tools-for-stm32.12.3.rel1.win32_1.0.200.202406191623/tools/bin/../lib/gcc/arm-none-eabi/12.3.1/../../../../arm-none-eabi/lib/thumb/v6-m/nofp\libc_nano.a(libc_a-memset.o)
                              C:/ST/STM32CubeIDE_1.16.1/STM32CubeIDE/plugins/com.st.stm32cube.ide.mcu.externaltools.gnu-tools-for-stm32.12.3.rel1.win32_1.0.200.202406191623/tools/bin/../lib/gcc/arm-none-eabi/12.3.1/../../../../arm-none-eabi/lib/thumb/v6-m/nofp/crt0.o (memset)
C:/ST/STM32CubeIDE_1.16.1/STM32CubeIDE/plugins/com.st.stm32cube.ide.mcu.externaltools.gnu-tools-for-stm32.12.3.rel1.win32_1.0.200.202406191623/tools/bin/../lib/gcc/arm-none-eabi/12.3.1/../../../../arm-none-eabi/lib/thumb/v6-m/nofp\libc_nano.a(libc_a-strcat.o)
                              ./Core/Src/gui.o (strcat)
C:/ST/STM32CubeIDE_1.16.1/STM32CubeIDE/plugins/com.st.stm32cube.ide.mcu.externaltools.gnu-tools-for-stm32.12.3.rel1.win32_1.0.200.202406191623/tools/bin/../lib/gcc/arm-none-eabi/12.3.1/../../../../arm-none-eabi/lib/thumb/v6-m/nofp\libc_nano.a(libc_a-closer.o)
                              C:/ST/STM32CubeIDE_1.16.1/STM32CubeIDE/plugins/com.st.stm32cube.ide.mcu.externaltools.gnu-tools-for-stm32.12.3.rel1.win32_1.0.200.202406191623/tools/bin/../lib/gcc/arm-none-eabi/12.3.1/../../../../arm-none-eabi/lib/thumb/v6-m/nofp\libc_nano.a(libc_a-stdio.o) (_close_r)
C:/ST/STM32CubeIDE_1.16.1/STM32CubeIDE/plugins/com.st.stm32cube.ide.mcu.externaltools.gnu-tools-for-stm32.12.3.rel1.win32_1.0.200.202406191623/tools/bin/../lib/gcc/arm-none-eabi/12.3.1/../../../../arm-none-eabi/lib/thumb/v6-m/nofp\libc_nano.a(libc_a-reent.o)
                              C:/ST/STM32CubeIDE_1.16.1/STM32CubeIDE/plugins/com.st.stm32cube.ide.mcu.externaltools.gnu-tools-for-stm32.12.3.rel1.win32_1.0.200.202406191623/tools/bin/../lib/gcc/arm-none-eabi/12.3.1/../../../../arm-none-eabi/lib/thumb/v6-m/nofp\libc_nano.a(libc_a-closer.o) (errno)
C:/ST/STM32CubeIDE_1.16.1/STM32CubeIDE/plugins/com.st.stm32cube.ide.mcu.externaltools.gnu-tools-for-stm32.12.3.rel1.win32_1.0.200.202406191623/tools/bin/../lib/gcc/arm-none-eabi/12.3.1/../../../../arm-none-eabi/lib/thumb/v6-m/nofp\libc_nano.a(libc_a-impure.o)
[...]
Memory Configuration

Name             Origin             Length             Attributes
RAM              0x20000000         0x00004000         xrw
FLASH            0x08000000         0x00020000         xr
*default*        0x00000000         0xffffffff

Linker script and memory map

LOAD C:/ST/STM32CubeIDE_1.16.1/STM32CubeIDE/plugins/com.st.stm32cube.ide.mcu.externaltools.gnu-tools-for-stm32.12.3.rel1.win32_1.0.200.202406191623/tools/bin/../lib/gcc/arm-none-eabi/12.3.1/thumb/v6-m/nofp/crti.o
LOAD C:/ST/STM32CubeIDE_1.16.1/STM32CubeIDE/plugins/com.st.stm32cube.ide.mcu.externaltools.gnu-tools-for-stm32.12.3.rel1.win32_1.0.200.202406191623/tools/bin/../lib/gcc/arm-none-eabi/12.3.1/thumb/v6-m/nofp/crtbegin.o
LOAD C:/ST/STM32CubeIDE_1.16.1/STM32CubeIDE/plugins/com.st.stm32cube.ide.mcu.externaltools.gnu-tools-for-stm32.12.3.rel1.win32_1.0.200.202406191623/tools/bin/../lib/gcc/arm-none-eabi/12.3.1/../../../../arm-none-eabi/lib/thumb/v6-m/nofp/crt0.o
LOAD ./Core/Src/button.o
LOAD ./Core/Src/encoder.o
LOAD ./Core/Src/gui.o
LOAD ./Core/Src/main.o
LOAD ./Core/Src/opensolder.o
LOAD ./Core/Src/ssd1306.o
LOAD ./Core/Src/ssd1306_fonts.o
LOAD ./Core/Src/stm32f0xx_hal_msp.o
LOAD ./Core/Src/stm32f0xx_it.o
LOAD ./Core/Src/syscalls.o
LOAD ./Core/Src/sysmem.o
LOAD ./Core/Src/system_stm32f0xx.o
LOAD ./Core/Src/temperature.o
LOAD ./Core/Startup/startup_stm32f072cbtx.o
LOAD ./Drivers/STM32F0xx_HAL_Driver/Src/stm32f0xx_hal.o
LOAD ./Drivers/STM32F0xx_HAL_Driver/Src/stm32f0xx_hal_adc.o
LOAD ./Drivers/STM32F0xx_HAL_Driver/Src/stm32f0xx_hal_adc_ex.o
LOAD ./Drivers/STM32F0xx_HAL_Driver/Src/stm32f0xx_hal_cortex.o
LOAD ./Drivers/STM32F0xx_HAL_Driver/Src/stm32f0xx_hal_dma.o
LOAD ./Drivers/STM32F0xx_HAL_Driver/Src/stm32f0xx_hal_exti.o
LOAD ./Drivers/STM32F0xx_HAL_Driver/Src/stm32f0xx_hal_flash.o
LOAD ./Drivers/STM32F0xx_HAL_Driver/Src/stm32f0xx_hal_flash_ex.o
LOAD ./Drivers/STM32F0xx_HAL_Driver/Src/stm32f0xx_hal_gpio.o
LOAD ./Drivers/STM32F0xx_HAL_Driver/Src/stm32f0xx_hal_i2c.o
LOAD ./Drivers/STM32F0xx_HAL_Driver/Src/stm32f0xx_hal_i2c_ex.o
LOAD ./Drivers/STM32F0xx_HAL_Driver/Src/stm32f0xx_hal_pwr.o
LOAD ./Drivers/STM32F0xx_HAL_Driver/Src/stm32f0xx_hal_pwr_ex.o
LOAD ./Drivers/STM32F0xx_HAL_Driver/Src/stm32f0xx_hal_rcc.o
LOAD ./Drivers/STM32F0xx_HAL_Driver/Src/stm32f0xx_hal_rcc_ex.o
LOAD ./Drivers/STM32F0xx_HAL_Driver/Src/stm32f0xx_hal_spi.o
LOAD ./Drivers/STM32F0xx_HAL_Driver/Src/stm32f0xx_hal_spi_ex.o
LOAD ./Drivers/STM32F0xx_HAL_Driver/Src/stm32f0xx_hal_tim.o
LOAD ./Drivers/STM32F0xx_HAL_Driver/Src/stm32f0xx_hal_tim_ex.o
LOAD ./Drivers/STM32F0xx_HAL_Driver/Src/stm32f0xx_hal_uart.o
LOAD ./Drivers/STM32F0xx_HAL_Driver/Src/stm32f0xx_hal_uart_ex.o
START GROUP
LOAD C:/ST/STM32CubeIDE_1.16.1/STM32CubeIDE/plugins/com.st.stm32cube.ide.mcu.externaltools.gnu-tools-for-stm32.12.3.rel1.win32_1.0.200.202406191623/tools/bin/../lib/gcc/arm-none-eabi/12.3.1/../../../../arm-none-eabi/lib/thumb/v6-m/nofp\libc_nano.a
LOAD C:/ST/STM32CubeIDE_1.16.1/STM32CubeIDE/plugins/com.st.stm32cube.ide.mcu.externaltools.gnu-tools-for-stm32.12.3.rel1.win32_1.0.200.202406191623/tools/bin/../lib/gcc/arm-none-eabi/12.3.1/../../../../arm-none-eabi/lib/thumb/v6-m/nofp\libm.a
END GROUP
START GROUP
LOAD C:/ST/STM32CubeIDE_1.16.1/STM32CubeIDE/plugins/com.st.stm32cube.ide.mcu.externaltools.gnu-tools-for-stm32.12.3.rel1.win32_1.0.200.202406191623/tools/bin/../lib/gcc/arm-none-eabi/12.3.1/thumb/v6-m/nofp\libgcc.a
LOAD C:/ST/STM32CubeIDE_1.16.1/STM32CubeIDE/plugins/com.st.stm32cube.ide.mcu.externaltools.gnu-tools-for-stm32.12.3.rel1.win32_1.0.200.202406191623/tools/bin/../lib/gcc/arm-none-eabi/12.3.1/../../../../arm-none-eabi/lib/thumb/v6-m/nofp\libc_nano.a
END GROUP
START GROUP
LOAD C:/ST/STM32CubeIDE_1.16.1/STM32CubeIDE/plugins/com.st.stm32cube.ide.mcu.externaltools.gnu-tools-for-stm32.12.3.rel1.win32_1.0.200.202406191623/tools/bin/../lib/gcc/arm-none-eabi/12.3.1/thumb/v6-m/nofp\libgcc.a
LOAD C:/ST/STM32CubeIDE_1.16.1/STM32CubeIDE/plugins/com.st.stm32cube.ide.mcu.externaltools.gnu-tools-for-stm32.12.3.rel1.win32_1.0.200.202406191623/tools/bin/../lib/gcc/arm-none-eabi/12.3.1/../../../../arm-none-eabi/lib/thumb/v6-m/nofp\libc_nano.a
LOAD C:/ST/STM32CubeIDE_1.16.1/STM32CubeIDE/plugins/com.st.stm32cube.ide.mcu.externaltools.gnu-tools-for-stm32.12.3.rel1.win32_1.0.200.202406191623/tools/bin/../lib/gcc/arm-none-eabi/12.3.1/../../../../arm-none-eabi/lib/thumb/v6-m/nofp\libnosys.a
END GROUP
START GROUP
LOAD C:/ST/STM32CubeIDE_1.16.1/STM32CubeIDE/plugins/com.st.stm32cube.ide.mcu.externaltools.gnu-tools-for-stm32.12.3.rel1.win32_1.0.200.202406191623/tools/bin/../lib/gcc/arm-none-eabi/12.3.1/thumb/v6-m/nofp\libgcc.a
LOAD C:/ST/STM32CubeIDE_1.16.1/STM32CubeIDE/plugins/com.st.stm32cube.ide.mcu.externaltools.gnu-tools-for-stm32.12.3.rel1.win32_1.0.200.202406191623/tools/bin/../lib/gcc/arm-none-eabi/12.3.1/../../../../arm-none-eabi/lib/thumb/v6-m/nofp\libc_nano.a
LOAD C:/ST/STM32CubeIDE_1.16.1/STM32CubeIDE/plugins/com.st.stm32cube.ide.mcu.externaltools.gnu-tools-for-stm32.12.3.rel1.win32_1.0.200.202406191623/tools/bin/../lib/gcc/arm-none-eabi/12.3.1/../../../../arm-none-eabi/lib/thumb/v6-m/nofp\libnosys.a
END GROUP
LOAD C:/ST/STM32CubeIDE_1.16.1/STM32CubeIDE/plugins/com.st.stm32cube.ide.mcu.externaltools.gnu-tools-for-stm32.12.3.rel1.win32_1.0.200.202406191623/tools/bin/../lib/gcc/arm-none-eabi/12.3.1/thumb/v6-m/nofp/crtend.o
LOAD C:/ST/STM32CubeIDE_1.16.1/STM32CubeIDE/plugins/com.st.stm32cube.ide.mcu.externaltools.gnu-tools-for-stm32.12.3.rel1.win32_1.0.200.202406191623/tools/bin/../lib/gcc/arm-none-eabi/12.3.1/thumb/v6-m/nofp/crtn.o
                0x20004000                        _estack = (ORIGIN (RAM) + LENGTH (RAM))
                0x00000200                        _Min_Heap_Size = 0x200
                0x00000400                        _Min_Stack_Size = 0x400

.isr_vector     0x08000000       0xc0
                0x08000000                        . = ALIGN (0x4)
 *(.isr_vector)
 .isr_vector    0x08000000       0xc0 ./Core/Startup/startup_stm32f072cbtx.o
                0x08000000                g_pfnVectors
                0x080000c0                        . = ALIGN (0x4)

.text           0x080000c0     0x7a1c
                0x080000c0                        . = ALIGN (0x4)
 *(.text)
 .text          0x080000c0       0x48 C:/ST/STM32CubeIDE_1.16.1/STM32CubeIDE/plugins/com.st.stm32cube.ide.mcu.externaltools.gnu-tools-for-stm32.12.3.rel1.win32_1.0.200.202406191623/tools/bin/../lib/gcc/arm-none-eabi/12.3.1/thumb/v6-m/nofp/crtbegin.o
 .text          0x08000108        0xe C:/ST/STM32CubeIDE_1.16.1/STM32CubeIDE/plugins/com.st.stm32cube.ide.mcu.externaltools.gnu-tools-for-stm32.12.3.rel1.win32_1.0.200.202406191623/tools/bin/../lib/gcc/arm-none-eabi/12.3.1/../../../../arm-none-eabi/lib/thumb/v6-m/nofp\libc_nano.a(libc_a-strlen.o)
                0x08000108                strlen
 *fill*         0x08000116        0x2 
 .text          0x08000118       0x14 C:/ST/STM32CubeIDE_1.16.1/STM32CubeIDE/plugins/com.st.stm32cube.ide.mcu.externaltools.gnu-tools-for-stm32.12.3.rel1.win32_1.0.200.202406191623/tools/bin/../lib/gcc/arm-none-eabi/12.3.1/thumb/v6-m/nofp\libgcc.a(_thumb1_case_shi.o)
                0x08000118                __gnu_thumb1_case_shi
 .text          0x0800012c      0x114 C:/ST/STM32CubeIDE_1.16.1/STM32CubeIDE/plugins/com.st.stm32cube.ide.mcu.externaltools.gnu-tools-for-stm32.12.3.rel1.win32_1.0.200.202406191623/tools/bin/../lib/gcc/arm-none-eabi/12.3.1/thumb/v6-m/nofp\libgcc.a(_udivsi3.o)
                0x0800012c                __aeabi_uidiv
                0x0800012c                __udivsi3
                0x08000238                __aeabi_uidivmod
 .text          0x08000240        0x4 C:/ST/STM32CubeIDE_1.16.1/STM32CubeIDE/plugins/com.st.stm32cube.ide.mcu.externaltools.gnu-tools-for-stm32.12.3.rel1.win32_1.0.200.202406191623/tools/bin/../lib/gcc/arm-none-eabi/12.3.1/thumb/v6-m/nofp\libgcc.a(_dvmd_tls.o)
                0x08000240                __aeabi_idiv0
                0x08000240                __aeabi_ldiv0
 .text          0x08000244      0x590 C:/ST/STM32CubeIDE_1.16.1/STM32CubeIDE/plugins/com.st.stm32cube.ide.mcu.externaltools.gnu-tools-for-stm32.12.3.rel1.win32_1.0.200.202406191623/tools/bin/../lib/gcc/arm-none-eabi/12.3.1/thumb/v6-m/nofp\libgcc.a(muldf3.o)
                0x08000244                __aeabi_dmul
 .text          0x080007d4       0x78 C:/ST/STM32CubeIDE_1.16.1/STM32CubeIDE/plugins/com.st.stm32cube.ide.mcu.externaltools.gnu-tools-for-stm32.12.3.rel1.win32_1.0.200.202406191623/tools/bin/../lib/gcc/arm-none-eabi/12.3.1/thumb/v6-m/nofp\libgcc.a(fixdfsi.o)
                0x080007d4                __aeabi_d2iz
 .text          0x0800084c       0x5c C:/ST/STM32CubeIDE_1.16.1/STM32CubeIDE/plugins/com.st.stm32cube.ide.mcu.externaltools.gnu-tools-for-stm32.12.3.rel1.win32_1.0.200.202406191623/tools/bin/../lib/gcc/arm-none-eabi/12.3.1/thumb/v6-m/nofp\libgcc.a(floatsidf.o)
                0x0800084c                __aeabi_i2d
 .text          0x080008a8       0x3c C:/ST/STM32CubeIDE_1.16.1/STM32CubeIDE/plugins/com.st.stm32cube.ide.mcu.externaltools.gnu-tools-for-stm32.12.3.rel1.win32_1.0.200.202406191623/tools/bin/../lib/gcc/arm-none-eabi/12.3.1/thumb/v6-m/nofp\libgcc.a(_clzsi2.o)
                0x080008a8                __clzsi2
 *(.text*)
 .text.button_init
                0x080008e4       0x52 ./Core/Src/button.o
                0x080008e4                button_init
 .text.button_event
                0x08000936       0x3c ./Core/Src/button.o
                0x08000936                button_event
 .text.button_state
                0x08000972       0x16 ./Core/Src/button.o
                0x08000972                button_state
 .text.button_scan
                0x08000988       0xca ./Core/Src/button.o
                0x08000988                button_scan
 .text.encoder_init
                0x08000a52       0x52 ./Core/Src/encoder.o
                0x08000a52                encoder_init
 .text.encoder_event
                0x08000aa4       0x94 ./Core/Src/encoder.o
                0x08000aa4                encoder_event
 .text.get_encoder_delta
                0x08000b38       0x2c ./Core/Src/encoder.o
                0x08000b38                get_encoder_delta
 .text.encoder_overflow_check
                0x08000b64       0x5c ./Core/Src/encoder.o
                0x08000b64                encoder_overflow_check
 .text.init_display
                0x08000bc0       0x2c ./Core/Src/gui.o
                0x08000bc0                init_display
 .text.draw_init_display
                0x08000bec       0xb4 ./Core/Src/gui.o
 .text.write_string
                0x08000ca0       0xf0 ./Core/Src/gui.o
 .text.draw_default_display
                0x08000d90       0xd0 ./Core/Src/gui.o
                0x08000d90                draw_default_display
 .text.update_display
                0x08000e60      0x1fc ./Core/Src/gui.o
                0x08000e60                update_display
 .text.display_message
                0x0800105c       0xe8 ./Core/Src/gui.o
                0x0800105c                display_message
 .text.main     0x08001144       0x3a ./Core/Src/main.o
                0x08001144                main
 .text.SystemClock_Config
                0x0800117e       0xdc ./Core/Src/main.o
                0x0800117e                SystemClock_Config
 *fill*         0x0800125a        0x2 
 .text.MX_ADC_Init
                0x0800125c       0xb4 ./Core/Src/main.o
 .text.MX_I2C1_Init
                0x08001310       0x80 ./Core/Src/main.o
 .text.MX_SPI1_Init
                0x08001390       0x80 ./Core/Src/main.o
 .text.MX_TIM2_Init
                0x08001410       0xc4 ./Core/Src/main.o
 .text.MX_TIM6_Init
                0x080014d4       0x74 ./Core/Src/main.o
 .text.MX_TIM7_Init
                0x08001548       0x78 ./Core/Src/main.o
 .text.MX_USART1_UART_Init
                0x080015c0       0x60 ./Core/Src/main.o
 .text.MX_DMA_Init
                0x08001620       0x3c ./Core/Src/main.o
 .text.MX_GPIO_Init
                0x0800165c      0x170 ./Core/Src/main.o
 .text.Error_Handler
                0x080017cc        0xc ./Core/Src/main.o
                0x080017cc                Error_Handler
 .text.opensolder_init
                0x080017d8       0x50 ./Core/Src/opensolder.o
                0x080017d8                opensolder_init
 .text.init_mmi
                0x08001828       0x50 ./Core/Src/opensolder.o
 .text.opensolder_main
                0x08001878       0x12 ./Core/Src/opensolder.o
                0x08001878                opensolder_main
 *fill*         0x0800188a        0x2 
 .text.state_machine
                0x0800188c      0x220 ./Core/Src/opensolder.o
 .text.read_mmi
                0x08001aac      0x12c ./Core/Src/opensolder.o
 .text.sensor_scan
                0x08001bd8       0x30 ./Core/Src/opensolder.o
                0x08001bd8                sensor_scan
 .text.get_system_state
                0x08001c08       0x14 ./Core/Src/opensolder.o
                0x08001c08                get_system_state
 .text.ssd1306_Reset
                0x08001c1c       0x40 ./Core/Src/ssd1306.o
                0x08001c1c                ssd1306_Reset
 .text.ssd1306_WriteCommand
                0x08001c5c       0x50 ./Core/Src/ssd1306.o
                0x08001c5c                ssd1306_WriteCommand
 .text.ssd1306_WriteData
                0x08001cac       0x50 ./Core/Src/ssd1306.o
                0x08001cac                ssd1306_WriteData
 .text.ssd1306_Init
                0x08001cfc       0xd8 ./Core/Src/ssd1306.o
                0x08001cfc                ssd1306_Init
 .text.ssd1306_Fill
                0x08001dd4       0x48 ./Core/Src/ssd1306.o
                0x08001dd4                ssd1306_Fill
 .text.ssd1306_UpdateScreen
                0x08001e1c       0x5c ./Core/Src/ssd1306.o
                0x08001e1c                ssd1306_UpdateScreen
 .text.ssd1306_DrawPixel
                0x08001e78       0xe0 ./Core/Src/ssd1306.o
                0x08001e78                ssd1306_DrawPixel
 .text.ssd1306_WriteChar
                0x08001f58      0x130 ./Core/Src/ssd1306.o
                0x08001f58                ssd1306_WriteChar
 .text.ssd1306_WriteString
                0x08002088       0x54 ./Core/Src/ssd1306.o
                0x08002088                ssd1306_WriteString
 .text.ssd1306_SetCursor
                0x080020dc       0x34 ./Core/Src/ssd1306.o
                0x080020dc                ssd1306_SetCursor
 .text.ssd1306_Line
                0x08002110      0x10c ./Core/Src/ssd1306.o
                0x08002110                ssd1306_Line
 .text.ssd1306_DrawRectangle
                0x0800221c       0xa0 ./Core/Src/ssd1306.o
                0x0800221c                ssd1306_DrawRectangle
 .text.ssd1306_DrawFilledRectangle
                0x080022bc       0x74 ./Core/Src/ssd1306.o
                0x080022bc                ssd1306_DrawFilledRectangle
 .text.ssd1306_SetContrast
                0x08002330       0x30 ./Core/Src/ssd1306.o
                0x08002330                ssd1306_SetContrast
 .text.ssd1306_SetDisplayOn
                0x08002360       0x4c ./Core/Src/ssd1306.o
                0x08002360                ssd1306_SetDisplayOn
 .text.HAL_MspInit
                0x080023ac       0x48 ./Core/Src/stm32f0xx_hal_msp.o
                0x080023ac                HAL_MspInit
 .text.HAL_ADC_MspInit
                0x080023f4       0xe4 ./Core/Src/stm32f0xx_hal_msp.o
                0x080023f4                HAL_ADC_MspInit
 .text.HAL_I2C_MspInit
                0x080024d8       0x9c ./Core/Src/stm32f0xx_hal_msp.o
                0x080024d8                HAL_I2C_MspInit
 .text.HAL_SPI_MspInit
                0x08002574       0x98 ./Core/Src/stm32f0xx_hal_msp.o
                0x08002574                HAL_SPI_MspInit
 .text.HAL_TIM_Encoder_MspInit
                0x0800260c       0xe0 ./Core/Src/stm32f0xx_hal_msp.o
                0x0800260c                HAL_TIM_Encoder_MspInit
 .text.HAL_TIM_Base_MspInit
                0x080026ec       0x84 ./Core/Src/stm32f0xx_hal_msp.o
                0x080026ec                HAL_TIM_Base_MspInit
 .text.HAL_UART_MspInit
                0x08002770       0x9c ./Core/Src/stm32f0xx_hal_msp.o
                0x08002770                HAL_UART_MspInit
 .text.NMI_Handler
                0x0800280c        0x8 ./Core/Src/stm32f0xx_it.o
                0x0800280c                NMI_Handler
 .text.HardFault_Handler
                0x08002814        0x8 ./Core/Src/stm32f0xx_it.o
                0x08002814                HardFault_Handler
 .text.SVC_Handler
                0x0800281c        0xa ./Core/Src/stm32f0xx_it.o
                0x0800281c                SVC_Handler
 .text.PendSV_Handler
                0x08002826        0xa ./Core/Src/stm32f0xx_it.o
                0x08002826                PendSV_Handler
 .text.SysTick_Handler
                0x08002830        0xe ./Core/Src/stm32f0xx_it.o
                0x08002830                SysTick_Handler
 .text.EXTI4_15_IRQHandler
                0x0800283e       0x10 ./Core/Src/stm32f0xx_it.o
                0x0800283e                EXTI4_15_IRQHandler
 *fill*         0x0800284e        0x2 
 .text.DMA1_Channel1_IRQHandler
                0x08002850       0x18 ./Core/Src/stm32f0xx_it.o
                0x08002850                DMA1_Channel1_IRQHandler
 .text.TIM6_DAC_IRQHandler
                0x08002868       0x18 ./Core/Src/stm32f0xx_it.o
                0x08002868                TIM6_DAC_IRQHandler
 .text.TIM7_IRQHandler
                0x08002880       0x18 ./Core/Src/stm32f0xx_it.o
                0x08002880                TIM7_IRQHandler
 .text._sbrk    0x08002898       0x6c ./Core/Src/sysmem.o
                0x08002898                _sbrk
 .text.SystemInit
                0x08002904        0xa ./Core/Src/system_stm32f0xx.o
                0x08002904                SystemInit
 .text.HAL_GPIO_EXTI_Callback
                0x0800290e       0x1e ./Core/Src/temperature.o
                0x0800290e                HAL_GPIO_EXTI_Callback
 .text.HAL_TIM_PeriodElapsedCallback
                0x0800292c       0x18 ./Core/Src/temperature.o
                0x0800292c                HAL_TIM_PeriodElapsedCallback
 .text.HAL_ADC_ConvCpltCallback
                0x08002944       0x14 ./Core/Src/temperature.o
                0x08002944                HAL_ADC_ConvCpltCallback
 .text.zerocross_interrupt
                0x08002958       0x3c ./Core/Src/temperature.o
 .text.timer_interrupt
                0x08002994      0x148 ./Core/Src/temperature.o
 .text.start_adc
                0x08002adc       0x20 ./Core/Src/temperature.o
 .text.adc_complete
                0x08002afc       0xd4 ./Core/Src/temperature.o
 .text.adc_to_temperature
                0x08002bd0       0x34 ./Core/Src/temperature.o
 .text.adc_calculate_buffer_average
                0x08002c04       0x60 ./Core/Src/temperature.o
 .text.adc_deviation_check
                0x08002c64       0x84 ./Core/Src/temperature.o
 .text.power_control
                0x08002ce8       0x94 ./Core/Src/temperature.o
 .text.tip_check
                0x08002d7c       0xb8 ./Core/Src/temperature.o
                0x08002d7c                tip_check
 .text.read_pcb_temperature
                0x08002e34       0x7c ./Core/Src/temperature.o
                0x08002e34                read_pcb_temperature
 .text.get_ac_delay_tick
                0x08002eb0       0x14 ./Core/Src/temperature.o
                0x08002eb0                get_ac_delay_tick
 .text.heater_off
                0x08002ec4       0x14 ./Core/Src/temperature.o
                0x08002ec4                heater_off
 .text.set_new_temp
                0x08002ed8       0x20 ./Core/Src/temperature.o
                0x08002ed8                set_new_temp
 .text.get_set_temp
                0x08002ef8       0x14 ./Core/Src/temperature.o
                0x08002ef8                get_set_temp
 .text.get_tip_temp
                0x08002f0c       0x14 ./Core/Src/temperature.o
                0x08002f0c                get_tip_temp
 .text.get_tip_state
                0x08002f20       0x18 ./Core/Src/temperature.o
                0x08002f20                get_tip_state
 .text.error_handler
                0x08002f38       0x5c ./Core/Src/temperature.o
                0x08002f38                error_handler
 .text.get_power_bar_value
                0x08002f94       0x14 ./Core/Src/temperature.o
                0x08002f94                get_power_bar_value
 .text.Reset_Handler
                0x08002fa8       0x50 ./Core/Startup/startup_stm32f072cbtx.o
                0x08002fa8                Reset_Handler
 .text.Default_Handler
                0x08002ff8        0x2 ./Core/Startup/startup_stm32f072cbtx.o
                0x08002ff8                TIM1_CC_IRQHandler
                0x08002ff8                TSC_IRQHandler
                0x08002ff8                ADC1_COMP_IRQHandler
                0x08002ff8                I2C1_IRQHandler
                0x08002ff8                RCC_CRS_IRQHandler
                0x08002ff8                SPI1_IRQHandler
                0x08002ff8                USART3_4_IRQHandler
                0x08002ff8                EXTI2_3_IRQHandler
                0x08002ff8                I2C2_IRQHandler
                0x08002ff8                TIM17_IRQHandler
                0x08002ff8                CEC_CAN_IRQHandler
                0x08002ff8                RTC_IRQHandler
                0x08002ff8                PVD_VDDIO2_IRQHandler
                0x08002ff8                DMA1_Channel4_5_6_7_IRQHandler
                0x08002ff8                TIM16_IRQHandler
                0x08002ff8                TIM3_IRQHandler
                0x08002ff8                Default_Handler
                0x08002ff8                TIM14_IRQHandler
                0x08002ff8                TIM15_IRQHandler
                0x08002ff8                EXTI0_1_IRQHandler
                0x08002ff8                USB_IRQHandler
                0x08002ff8                SPI2_IRQHandler
                0x08002ff8                WWDG_IRQHandler
                0x08002ff8                TIM2_IRQHandler
                0x08002ff8                DMA1_Channel2_3_IRQHandler
                0x08002ff8                USART2_IRQHandler
                0x08002ff8                FLASH_IRQHandler
                0x08002ff8                USART1_IRQHandler
                0x08002ff8                TIM1_BRK_UP_TRG_COM_IRQHandler
 *fill*         0x08002ffa        0x2 
 .text.HAL_Init
                0x08002ffc       0x28 ./Drivers/STM32F0xx_HAL_Driver/Src/stm32f0xx_hal.o
                0x08002ffc                HAL_Init
 .text.HAL_InitTick
                0x08003024       0x68 ./Drivers/STM32F0xx_HAL_Driver/Src/stm32f0xx_hal.o
                0x08003024                HAL_InitTick
 .text.HAL_IncTick
                0x0800308c       0x24 ./Drivers/STM32F0xx_HAL_Driver/Src/stm32f0xx_hal.o
                0x0800308c                HAL_IncTick
 .text.HAL_GetTick
                0x080030b0       0x14 ./Drivers/STM32F0xx_HAL_Driver/Src/stm32f0xx_hal.o
                0x080030b0                HAL_GetTick
 .text.HAL_Delay
                0x080030c4       0x48 ./Drivers/STM32F0xx_HAL_Driver/Src/stm32f0xx_hal.o
                0x080030c4                HAL_Delay
 .text.HAL_ADC_Init
                0x0800310c      0x280 ./Drivers/STM32F0xx_HAL_Driver/Src/stm32f0xx_hal_adc.o
                0x0800310c                HAL_ADC_Init
 .text.HAL_ADC_Start_DMA
                0x0800338c      0x104 ./Drivers/STM32F0xx_HAL_Driver/Src/stm32f0xx_hal_adc.o
                0x0800338c                HAL_ADC_Start_DMA
 .text.HAL_ADC_ConvHalfCpltCallback
                0x08003490       0x10 ./Drivers/STM32F0xx_HAL_Driver/Src/stm32f0xx_hal_adc.o
                0x08003490                HAL_ADC_ConvHalfCpltCallback
 .text.HAL_ADC_ErrorCallback
                0x080034a0       0x10 ./Drivers/STM32F0xx_HAL_Driver/Src/stm32f0xx_hal_adc.o
                0x080034a0                HAL_ADC_ErrorCallback
 .text.HAL_ADC_ConfigChannel
                0x080034b0      0x21c ./Drivers/STM32F0xx_HAL_Driver/Src/stm32f0xx_hal_adc.o
                0x080034b0                HAL_ADC_ConfigChannel
 .text.ADC_Enable
                0x080036cc      0x108 ./Drivers/STM32F0xx_HAL_Driver/Src/stm32f0xx_hal_adc.o
 .text.ADC_DMAConvCplt
                0x080037d4       0xb4 ./Drivers/STM32F0xx_HAL_Driver/Src/stm32f0xx_hal_adc.o
 .text.ADC_DMAHalfConvCplt
                0x08003888       0x1e ./Drivers/STM32F0xx_HAL_Driver/Src/stm32f0xx_hal_adc.o
 .text.ADC_DMAError
                0x080038a6       0x36 ./Drivers/STM32F0xx_HAL_Driver/Src/stm32f0xx_hal_adc.o
 .text.HAL_ADCEx_Calibration_Start
                0x080038dc      0x150 ./Drivers/STM32F0xx_HAL_Driver/Src/stm32f0xx_hal_adc_ex.o
                0x080038dc                HAL_ADCEx_Calibration_Start
 .text.__NVIC_EnableIRQ
                0x08003a2c       0x34 ./Drivers/STM32F0xx_HAL_Driver/Src/stm32f0xx_hal_cortex.o
 .text.__NVIC_SetPriority
                0x08003a60       0xdc ./Drivers/STM32F0xx_HAL_Driver/Src/stm32f0xx_hal_cortex.o
 .text.SysTick_Config
                0x08003b3c       0x48 ./Drivers/STM32F0xx_HAL_Driver/Src/stm32f0xx_hal_cortex.o
 .text.HAL_NVIC_SetPriority
                0x08003b84       0x2a ./Drivers/STM32F0xx_HAL_Driver/Src/stm32f0xx_hal_cortex.o
                0x08003b84                HAL_NVIC_SetPriority
 .text.HAL_NVIC_EnableIRQ
                0x08003bae       0x20 ./Drivers/STM32F0xx_HAL_Driver/Src/stm32f0xx_hal_cortex.o
                0x08003bae                HAL_NVIC_EnableIRQ
 .text.HAL_SYSTICK_Config
                0x08003bce       0x1a ./Drivers/STM32F0xx_HAL_Driver/Src/stm32f0xx_hal_cortex.o
                0x08003bce                HAL_SYSTICK_Config
 .text.HAL_DMA_Init
                0x08003be8       0x90 ./Drivers/STM32F0xx_HAL_Driver/Src/stm32f0xx_hal_dma.o
                0x08003be8                HAL_DMA_Init
 .text.HAL_DMA_Start_IT
                0x08003c78       0xcc ./Drivers/STM32F0xx_HAL_Driver/Src/stm32f0xx_hal_dma.o
                0x08003c78                HAL_DMA_Start_IT
 .text.HAL_DMA_IRQHandler
                0x08003d44      0x144 ./Drivers/STM32F0xx_HAL_Driver/Src/stm32f0xx_hal_dma.o
                0x08003d44                HAL_DMA_IRQHandler
 .text.DMA_SetConfig
                0x08003e88       0x58 ./Drivers/STM32F0xx_HAL_Driver/Src/stm32f0xx_hal_dma.o
 .text.DMA_CalcBaseAndBitshift
                0x08003ee0       0x38 ./Drivers/STM32F0xx_HAL_Driver/Src/stm32f0xx_hal_dma.o
 .text.HAL_GPIO_Init
                0x08003f18      0x2f0 ./Drivers/STM32F0xx_HAL_Driver/Src/stm32f0xx_hal_gpio.o
                0x08003f18                HAL_GPIO_Init
 .text.HAL_GPIO_ReadPin
                0x08004208       0x3a ./Drivers/STM32F0xx_HAL_Driver/Src/stm32f0xx_hal_gpio.o
                0x08004208                HAL_GPIO_ReadPin
 .text.HAL_GPIO_WritePin
                0x08004242       0x3a ./Drivers/STM32F0xx_HAL_Driver/Src/stm32f0xx_hal_gpio.o
                0x08004242                HAL_GPIO_WritePin
 .text.HAL_GPIO_EXTI_IRQHandler
                0x0800427c       0x38 ./Drivers/STM32F0xx_HAL_Driver/Src/stm32f0xx_hal_gpio.o
                0x0800427c                HAL_GPIO_EXTI_IRQHandler
 .text.HAL_I2C_Init
                0x080042b4      0x14c ./Drivers/STM32F0xx_HAL_Driver/Src/stm32f0xx_hal_i2c.o
                0x080042b4                HAL_I2C_Init
 .text.HAL_I2C_Master_Receive
                0x08004400      0x210 ./Drivers/STM32F0xx_HAL_Driver/Src/stm32f0xx_hal_i2c.o
                0x08004400                HAL_I2C_Master_Receive
 .text.I2C_Flush_TXDR
                0x08004610       0x44 ./Drivers/STM32F0xx_HAL_Driver/Src/stm32f0xx_hal_i2c.o
 .text.I2C_WaitOnFlagUntilTimeout
                0x08004654       0xb0 ./Drivers/STM32F0xx_HAL_Driver/Src/stm32f0xx_hal_i2c.o
 .text.I2C_WaitOnSTOPFlagUntilTimeout
                0x08004704       0x86 ./Drivers/STM32F0xx_HAL_Driver/Src/stm32f0xx_hal_i2c.o
 *fill*         0x0800478a        0x2 
 .text.I2C_WaitOnRXNEFlagUntilTimeout
                0x0800478c      0x13c ./Drivers/STM32F0xx_HAL_Driver/Src/stm32f0xx_hal_i2c.o
 .text.I2C_IsErrorOccurred
                0x080048c8      0x1f0 ./Drivers/STM32F0xx_HAL_Driver/Src/stm32f0xx_hal_i2c.o
 .text.I2C_TransferConfig
                0x08004ab8       0x74 ./Drivers/STM32F0xx_HAL_Driver/Src/stm32f0xx_hal_i2c.o
 .text.HAL_I2CEx_ConfigAnalogFilter
                0x08004b2c       0x98 ./Drivers/STM32F0xx_HAL_Driver/Src/stm32f0xx_hal_i2c_ex.o
                0x08004b2c                HAL_I2CEx_ConfigAnalogFilter
 .text.HAL_I2CEx_ConfigDigitalFilter
                0x08004bc4       0x98 ./Drivers/STM32F0xx_HAL_Driver/Src/stm32f0xx_hal_i2c_ex.o
                0x08004bc4                HAL_I2CEx_ConfigDigitalFilter
 .text.HAL_RCC_OscConfig
                0x08004c5c      0x70c ./Drivers/STM32F0xx_HAL_Driver/Src/stm32f0xx_hal_rcc.o
                0x08004c5c                HAL_RCC_OscConfig
 .text.HAL_RCC_ClockConfig
                0x08005368      0x1b4 ./Drivers/STM32F0xx_HAL_Driver/Src/stm32f0xx_hal_rcc.o
                0x08005368                HAL_RCC_ClockConfig
 .text.HAL_RCC_GetSysClockFreq
                0x0800551c       0xe4 ./Drivers/STM32F0xx_HAL_Driver/Src/stm32f0xx_hal_rcc.o
                0x0800551c                HAL_RCC_GetSysClockFreq
 .text.HAL_RCC_GetHCLKFreq
                0x08005600       0x14 ./Drivers/STM32F0xx_HAL_Driver/Src/stm32f0xx_hal_rcc.o
                0x08005600                HAL_RCC_GetHCLKFreq
 .text.HAL_RCC_GetPCLK1Freq
                0x08005614       0x2c ./Drivers/STM32F0xx_HAL_Driver/Src/stm32f0xx_hal_rcc.o
                0x08005614                HAL_RCC_GetPCLK1Freq
 .text.HAL_RCCEx_PeriphCLKConfig
                0x08005640      0x1fc ./Drivers/STM32F0xx_HAL_Driver/Src/stm32f0xx_hal_rcc_ex.o
                0x08005640                HAL_RCCEx_PeriphCLKConfig
 .text.HAL_SPI_Init
                0x0800583c      0x170 ./Drivers/STM32F0xx_HAL_Driver/Src/stm32f0xx_hal_spi.o
                0x0800583c                HAL_SPI_Init
 .text.HAL_SPI_Transmit
                0x080059ac      0x2be ./Drivers/STM32F0xx_HAL_Driver/Src/stm32f0xx_hal_spi.o
                0x080059ac                HAL_SPI_Transmit
 *fill*         0x08005c6a        0x2 
 .text.SPI_WaitFlagStateUntilTimeout
                0x08005c6c      0x11c ./Drivers/STM32F0xx_HAL_Driver/Src/stm32f0xx_hal_spi.o
 .text.SPI_WaitFifoStateUntilTimeout
                0x08005d88      0x144 ./Drivers/STM32F0xx_HAL_Driver/Src/stm32f0xx_hal_spi.o
 .text.SPI_EndRxTxTransaction
                0x08005ecc       0x8c ./Drivers/STM32F0xx_HAL_Driver/Src/stm32f0xx_hal_spi.o
 .text.HAL_TIM_Base_Init
                0x08005f58       0xa0 ./Drivers/STM32F0xx_HAL_Driver/Src/stm32f0xx_hal_tim.o
                0x08005f58                HAL_TIM_Base_Init
 .text.HAL_TIM_Base_Start_IT
                0x08005ff8       0xa4 ./Drivers/STM32F0xx_HAL_Driver/Src/stm32f0xx_hal_tim.o
                0x08005ff8                HAL_TIM_Base_Start_IT
 .text.HAL_TIM_Base_Stop_IT
                0x0800609c       0x5c ./Drivers/STM32F0xx_HAL_Driver/Src/stm32f0xx_hal_tim.o
                0x0800609c                HAL_TIM_Base_Stop_IT
 .text.HAL_TIM_Encoder_Init
                0x080060f8      0x150 ./Drivers/STM32F0xx_HAL_Driver/Src/stm32f0xx_hal_tim.o
                0x080060f8                HAL_TIM_Encoder_Init
 .text.HAL_TIM_Encoder_Start
                0x08006248      0x148 ./Drivers/STM32F0xx_HAL_Driver/Src/stm32f0xx_hal_tim.o
                0x08006248                HAL_TIM_Encoder_Start
 .text.HAL_TIM_IRQHandler
                0x08006390      0x1dc ./Drivers/STM32F0xx_HAL_Driver/Src/stm32f0xx_hal_tim.o
                0x08006390                HAL_TIM_IRQHandler
 .text.HAL_TIM_OC_DelayElapsedCallback
                0x0800656c       0x10 ./Drivers/STM32F0xx_HAL_Driver/Src/stm32f0xx_hal_tim.o
                0x0800656c                HAL_TIM_OC_DelayElapsedCallback
 .text.HAL_TIM_IC_CaptureCallback
                0x0800657c       0x10 ./Drivers/STM32F0xx_HAL_Driver/Src/stm32f0xx_hal_tim.o
                0x0800657c                HAL_TIM_IC_CaptureCallback
 .text.HAL_TIM_PWM_PulseFinishedCallback
                0x0800658c       0x10 ./Drivers/STM32F0xx_HAL_Driver/Src/stm32f0xx_hal_tim.o
                0x0800658c                HAL_TIM_PWM_PulseFinishedCallback
 .text.HAL_TIM_TriggerCallback
                0x0800659c       0x10 ./Drivers/STM32F0xx_HAL_Driver/Src/stm32f0xx_hal_tim.o
                0x0800659c                HAL_TIM_TriggerCallback
 .text.TIM_Base_SetConfig
                0x080065ac      0x11c ./Drivers/STM32F0xx_HAL_Driver/Src/stm32f0xx_hal_tim.o
                0x080065ac                TIM_Base_SetConfig
 .text.TIM_CCxChannelCmd
                0x080066c8       0x46 ./Drivers/STM32F0xx_HAL_Driver/Src/stm32f0xx_hal_tim.o
                0x080066c8                TIM_CCxChannelCmd
 *fill*         0x0800670e        0x2 
 .text.HAL_TIMEx_MasterConfigSynchronization
                0x08006710       0xbc ./Drivers/STM32F0xx_HAL_Driver/Src/stm32f0xx_hal_tim_ex.o
                0x08006710                HAL_TIMEx_MasterConfigSynchronization
 .text.HAL_TIMEx_CommutCallback
                0x080067cc       0x10 ./Drivers/STM32F0xx_HAL_Driver/Src/stm32f0xx_hal_tim_ex.o
                0x080067cc                HAL_TIMEx_CommutCallback
 .text.HAL_TIMEx_BreakCallback
                0x080067dc       0x10 ./Drivers/STM32F0xx_HAL_Driver/Src/stm32f0xx_hal_tim_ex.o
                0x080067dc                HAL_TIMEx_BreakCallback
 .text.HAL_UART_Init
                0x080067ec       0xa8 ./Drivers/STM32F0xx_HAL_Driver/Src/stm32f0xx_hal_uart.o
                0x080067ec                HAL_UART_Init
 .text.HAL_UART_Transmit
                0x08006894      0x13e ./Drivers/STM32F0xx_HAL_Driver/Src/stm32f0xx_hal_uart.o
                0x08006894                HAL_UART_Transmit
 *fill*         0x080069d2        0x2 
 .text.UART_SetConfig
                0x080069d4      0x310 ./Drivers/STM32F0xx_HAL_Driver/Src/stm32f0xx_hal_uart.o
                0x080069d4                UART_SetConfig
 .text.UART_AdvFeatureConfig
                0x08006ce4      0x168 ./Drivers/STM32F0xx_HAL_Driver/Src/stm32f0xx_hal_uart.o
                0x08006ce4                UART_AdvFeatureConfig
 .text.UART_CheckIdleState
                0x08006e4c      0x150 ./Drivers/STM32F0xx_HAL_Driver/Src/stm32f0xx_hal_uart.o
                0x08006e4c                UART_CheckIdleState
 .text.UART_WaitOnFlagUntilTimeout
                0x08006f9c       0xde ./Drivers/STM32F0xx_HAL_Driver/Src/stm32f0xx_hal_uart.o
                0x08006f9c                UART_WaitOnFlagUntilTimeout
 *fill*         0x0800707a        0x2 
 .text.UART_EndRxTransfer
                0x0800707c       0xc8 ./Drivers/STM32F0xx_HAL_Driver/Src/stm32f0xx_hal_uart.o
 .text.snprintf
                0x08007144       0x68 C:/ST/STM32CubeIDE_1.16.1/STM32CubeIDE/plugins/com.st.stm32cube.ide.mcu.externaltools.gnu-tools-for-stm32.12.3.rel1.win32_1.0.200.202406191623/tools/bin/../lib/gcc/arm-none-eabi/12.3.1/../../../../arm-none-eabi/lib/thumb/v6-m/nofp\libc_nano.a(libc_a-snprintf.o)
                0x08007144                sniprintf
                0x08007144                snprintf
 .text.memset   0x080071ac       0x10 C:/ST/STM32CubeIDE_1.16.1/STM32CubeIDE/plugins/com.st.stm32cube.ide.mcu.externaltools.gnu-tools-for-stm32.12.3.rel1.win32_1.0.200.202406191623/tools/bin/../lib/gcc/arm-none-eabi/12.3.1/../../../../arm-none-eabi/lib/thumb/v6-m/nofp\libc_nano.a(libc_a-memset.o)
                0x080071ac                memset
 .text.strcat   0x080071bc       0x1a C:/ST/STM32CubeIDE_1.16.1/STM32CubeIDE/plugins/com.st.stm32cube.ide.mcu.externaltools.gnu-tools-for-stm32.12.3.rel1.win32_1.0.200.202406191623/tools/bin/../lib/gcc/arm-none-eabi/12.3.1/../../../../arm-none-eabi/lib/thumb/v6-m/nofp\libc_nano.a(libc_a-strcat.o)
                0x080071bc                strcat
 *fill*         0x080071d6        0x2 
 .text.__errno  0x080071d8        0xc C:/ST/STM32CubeIDE_1.16.1/STM32CubeIDE/plugins/com.st.stm32cube.ide.mcu.externaltools.gnu-tools-for-stm32.12.3.rel1.win32_1.0.200.202406191623/tools/bin/../lib/gcc/arm-none-eabi/12.3.1/../../../../arm-none-eabi/lib/thumb/v6-m/nofp\libc_nano.a(libc_a-errno.o)
                0x080071d8                __errno
 .text.__libc_init_array
                0x080071e4       0x48 C:/ST/STM32CubeIDE_1.16.1/STM32CubeIDE/plugins/com.st.stm32cube.ide.mcu.externaltools.gnu-tools-for-stm32.12.3.rel1.win32_1.0.200.202406191623/tools/bin/../lib/gcc/arm-none-eabi/12.3.1/../../../../arm-none-eabi/lib/thumb/v6-m/nofp\libc_nano.a(libc_a-init.o)
                0x080071e4                __libc_init_array
 .text.__retarget_lock_acquire_recursive
                0x0800722c        0x2 C:/ST/STM32CubeIDE_1.16.1/STM32CubeIDE/plugins/com.st.stm32cube.ide.mcu.externaltools.gnu-tools-for-stm32.12.3.rel1.win32_1.0.200.202406191623/tools/bin/../lib/gcc/arm-none-eabi/12.3.1/../../../../arm-none-eabi/lib/thumb/v6-m/nofp\libc_nano.a(libc_a-lock.o)
                0x0800722c                __retarget_lock_acquire_recursive
 .text.__retarget_lock_release_recursive
                0x0800722e        0x2 C:/ST/STM32CubeIDE_1.16.1/STM32CubeIDE/plugins/com.st.stm32cube.ide.mcu.externaltools.gnu-tools-for-stm32.12.3.rel1.win32_1.0.200.202406191623/tools/bin/../lib/gcc/arm-none-eabi/12.3.1/../../../../arm-none-eabi/lib/thumb/v6-m/nofp\libc_nano.a(libc_a-lock.o)
                0x0800722e                __retarget_lock_release_recursive
 .text.memcpy   0x08007230       0x12 C:/ST/STM32CubeIDE_1.16.1/STM32CubeIDE/plugins/com.st.stm32cube.ide.mcu.externaltools.gnu-tools-for-stm32.12.3.rel1.win32_1.0.200.202406191623/tools/bin/../lib/gcc/arm-none-eabi/12.3.1/../../../../arm-none-eabi/lib/thumb/v6-m/nofp\libc_nano.a(libc_a-memcpy-stub.o)
                0x08007230                memcpy
 *fill*         0x08007242        0x2 
 .text._free_r  0x08007244       0x94 C:/ST/STM32CubeIDE_1.16.1/STM32CubeIDE/plugins/com.st.stm32cube.ide.mcu.externaltools.gnu-tools-for-stm32.12.3.rel1.win32_1.0.200.202406191623/tools/bin/../lib/gcc/arm-none-eabi/12.3.1/../../../../arm-none-eabi/lib/thumb/v6-m/nofp\libc_nano.a(libc_a-freer.o)
                0x08007244                _free_r
 .text.sbrk_aligned
                0x080072d8       0x44 C:/ST/STM32CubeIDE_1.16.1/STM32CubeIDE/plugins/com.st.stm32cube.ide.mcu.externaltools.gnu-tools-for-stm32.12.3.rel1.win32_1.0.200.202406191623/tools/bin/../lib/gcc/arm-none-eabi/12.3.1/../../../../arm-none-eabi/lib/thumb/v6-m/nofp\libc_nano.a(libc_a-mallocr.o)
 .text._malloc_r
                0x0800731c      0x100 C:/ST/STM32CubeIDE_1.16.1/STM32CubeIDE/plugins/com.st.stm32cube.ide.mcu.externaltools.gnu-tools-for-stm32.12.3.rel1.win32_1.0.200.202406191623/tools/bin/../lib/gcc/arm-none-eabi/12.3.1/../../../../arm-none-eabi/lib/thumb/v6-m/nofp\libc_nano.a(libc_a-mallocr.o)
                0x0800731c                _malloc_r
 .text.__malloc_lock
                0x0800741c       0x10 C:/ST/STM32CubeIDE_1.16.1/STM32CubeIDE/plugins/com.st.stm32cube.ide.mcu.externaltools.gnu-tools-for-stm32.12.3.rel1.win32_1.0.200.202406191623/tools/bin/../lib/gcc/arm-none-eabi/12.3.1/../../../../arm-none-eabi/lib/thumb/v6-m/nofp\libc_nano.a(libc_a-mlock.o)
                0x0800741c                __malloc_lock
 .text.__malloc_unlock
                0x0800742c       0x10 C:/ST/STM32CubeIDE_1.16.1/STM32CubeIDE/plugins/com.st.stm32cube.ide.mcu.externaltools.gnu-tools-for-stm32.12.3.rel1.win32_1.0.200.202406191623/tools/bin/../lib/gcc/arm-none-eabi/12.3.1/../../../../arm-none-eabi/lib/thumb/v6-m/nofp\libc_nano.a(libc_a-mlock.o)
                0x0800742c                __malloc_unlock
 .text.__ssputs_r
                0x0800743c       0xc0 C:/ST/STM32CubeIDE_1.16.1/STM32CubeIDE/plugins/com.st.stm32cube.ide.mcu.externaltools.gnu-tools-for-stm32.12.3.rel1.win32_1.0.200.202406191623/tools/bin/../lib/gcc/arm-none-eabi/12.3.1/../../../../arm-none-eabi/lib/thumb/v6-m/nofp\libc_nano.a(libc_a-nano-svfprintf.o)
                0x0800743c                __ssputs_r
 .text._svfprintf_r
                0x080074fc      0x1fc C:/ST/STM32CubeIDE_1.16.1/STM32CubeIDE/plugins/com.st.stm32cube.ide.mcu.externaltools.gnu-tools-for-stm32.12.3.rel1.win32_1.0.200.202406191623/tools/bin/../lib/gcc/arm-none-eabi/12.3.1/../../../../arm-none-eabi/lib/thumb/v6-m/nofp\libc_nano.a(libc_a-nano-svfprintf.o)
                0x080074fc                _svfiprintf_r
                0x080074fc                _svfprintf_r
 .text._printf_common
                0x080076f8       0xde C:/ST/STM32CubeIDE_1.16.1/STM32CubeIDE/plugins/com.st.stm32cube.ide.mcu.externaltools.gnu-tools-for-stm32.12.3.rel1.win32_1.0.200.202406191623/tools/bin/../lib/gcc/arm-none-eabi/12.3.1/../../../../arm-none-eabi/lib/thumb/v6-m/nofp\libc_nano.a(libc_a-nano-vfprintf_i.o)
                0x080076f8                _printf_common
 *fill*         0x080077d6        0x2 
 .text._printf_i
                0x080077d8      0x21c C:/ST/STM32CubeIDE_1.16.1/STM32CubeIDE/plugins/com.st.stm32cube.ide.mcu.externaltools.gnu-tools-for-stm32.12.3.rel1.win32_1.0.200.202406191623/tools/bin/../lib/gcc/arm-none-eabi/12.3.1/../../../../arm-none-eabi/lib/thumb/v6-m/nofp\libc_nano.a(libc_a-nano-vfprintf_i.o)
                0x080077d8                _printf_i
 .text.memmove  0x080079f4       0x26 C:/ST/STM32CubeIDE_1.16.1/STM32CubeIDE/plugins/com.st.stm32cube.ide.mcu.externaltools.gnu-tools-for-stm32.12.3.rel1.win32_1.0.200.202406191623/tools/bin/../lib/gcc/arm-none-eabi/12.3.1/../../../../arm-none-eabi/lib/thumb/v6-m/nofp\libc_nano.a(libc_a-memmove.o)
                0x080079f4                memmove
 *fill*         0x08007a1a        0x2 
 .text._sbrk_r  0x08007a1c       0x24 C:/ST/STM32CubeIDE_1.16.1/STM32CubeIDE/plugins/com.st.stm32cube.ide.mcu.externaltools.gnu-tools-for-stm32.12.3.rel1.win32_1.0.200.202406191623/tools/bin/../lib/gcc/arm-none-eabi/12.3.1/../../../../arm-none-eabi/lib/thumb/v6-m/nofp\libc_nano.a(libc_a-sbrkr.o)
                0x08007a1c                _sbrk_r
 .text.memchr   0x08007a40       0x16 C:/ST/STM32CubeIDE_1.16.1/STM32CubeIDE/plugins/com.st.stm32cube.ide.mcu.externaltools.gnu-tools-for-stm32.12.3.rel1.win32_1.0.200.202406191623/tools/bin/../lib/gcc/arm-none-eabi/12.3.1/../../../../arm-none-eabi/lib/thumb/v6-m/nofp\libc_nano.a(libc_a-memchr-stub.o)
                0x08007a40                memchr
 .text._realloc_r
                0x08007a56       0x5e C:/ST/STM32CubeIDE_1.16.1/STM32CubeIDE/plugins/com.st.stm32cube.ide.mcu.externaltools.gnu-tools-for-stm32.12.3.rel1.win32_1.0.200.202406191623/tools/bin/../lib/gcc/arm-none-eabi/12.3.1/../../../../arm-none-eabi/lib/thumb/v6-m/nofp\libc_nano.a(libc_a-reallocr.o)
                0x08007a56                _realloc_r
 .text._malloc_usable_size_r
                0x08007ab4       0x10 C:/ST/STM32CubeIDE_1.16.1/STM32CubeIDE/plugins/com.st.stm32cube.ide.mcu.externaltools.gnu-tools-for-stm32.12.3.rel1.win32_1.0.200.202406191623/tools/bin/../lib/gcc/arm-none-eabi/12.3.1/../../../../arm-none-eabi/lib/thumb/v6-m/nofp\libc_nano.a(libc_a-msizer.o)
                0x08007ab4                _malloc_usable_size_r
 *(.glue_7)
 .glue_7        0x08007ac4        0x0 linker stubs
 *(.glue_7t)
 .glue_7t       0x08007ac4        0x0 linker stubs
 *(.eh_frame)
 .eh_frame      0x08007ac4        0x0 C:/ST/STM32CubeIDE_1.16.1/STM32CubeIDE/plugins/com.st.stm32cube.ide.mcu.externaltools.gnu-tools-for-stm32.12.3.rel1.win32_1.0.200.202406191623/tools/bin/../lib/gcc/arm-none-eabi/12.3.1/thumb/v6-m/nofp/crtbegin.o
 *(.init)
 .init          0x08007ac4        0x4 C:/ST/STM32CubeIDE_1.16.1/STM32CubeIDE/plugins/com.st.stm32cube.ide.mcu.externaltools.gnu-tools-for-stm32.12.3.rel1.win32_1.0.200.202406191623/tools/bin/../lib/gcc/arm-none-eabi/12.3.1/thumb/v6-m/nofp/crti.o
                0x08007ac4                _init
 .init          0x08007ac8        0x8 C:/ST/STM32CubeIDE_1.16.1/STM32CubeIDE/plugins/com.st.stm32cube.ide.mcu.externaltools.gnu-tools-for-stm32.12.3.rel1.win32_1.0.200.202406191623/tools/bin/../lib/gcc/arm-none-eabi/12.3.1/thumb/v6-m/nofp/crtn.o
 *(.fini)
 .fini          0x08007ad0        0x4 C:/ST/STM32CubeIDE_1.16.1/STM32CubeIDE/plugins/com.st.stm32cube.ide.mcu.externaltools.gnu-tools-for-stm32.12.3.rel1.win32_1.0.200.202406191623/tools/bin/../lib/gcc/arm-none-eabi/12.3.1/thumb/v6-m/nofp/crti.o
                0x08007ad0                _fini
 .fini          0x08007ad4        0x8 C:/ST/STM32CubeIDE_1.16.1/STM32CubeIDE/plugins/com.st.stm32cube.ide.mcu.externaltools.gnu-tools-for-stm32.12.3.rel1.win32_1.0.200.202406191623/tools/bin/../lib/gcc/arm-none-eabi/12.3.1/thumb/v6-m/nofp/crtn.o
                0x08007adc                        . = ALIGN (0x4)
                0x08007adc                        _etext = .

.vfp11_veneer   0x08007adc        0x0
 .vfp11_veneer  0x08007adc        0x0 linker stubs

.v4_bx          0x08007adc        0x0
 .v4_bx         0x08007adc        0x0 linker stubs

.iplt           0x08007adc        0x0
 .iplt          0x08007adc        0x0 C:/ST/STM32CubeIDE_1.16.1/STM32CubeIDE/plugins/com.st.stm32cube.ide.mcu.externaltools.gnu-tools-for-stm32.12.3.rel1.win32_1.0.200.202406191623/tools/bin/../lib/gcc/arm-none-eabi/12.3.1/thumb/v6-m/nofp/crtbegin.o

.rodata         0x08007adc     0x1ca8
                0x08007adc                        . = ALIGN (0x4)
 *(.rodata)
 .rodata        0x08007adc       0x92 ./Core/Src/gui.o
 *fill*         0x08007b6e        0x2 
 .rodata        0x08007b70       0x49 ./Core/Src/opensolder.o
 *fill*         0x08007bb9        0x3 
 .rodata        0x08007bbc       0x74 ./Core/Src/temperature.o
 *(.rodata*)
 .rodata.update_display
                0x08007c30       0x18 ./Core/Src/gui.o
 .rodata.state_machine
                0x08007c48       0x18 ./Core/Src/opensolder.o
 .rodata.Font7x10
                0x08007c60      0x76c ./Core/Src/ssd1306_fonts.o
 .rodata.Font11x18
                0x080083cc      0xd5c ./Core/Src/ssd1306_fonts.o
 .rodata.Font6x8
                0x08009128      0x5f0 ./Core/Src/ssd1306_fonts.o
 .rodata.AHBPrescTable
                0x08009718       0x10 ./Core/Src/system_stm32f0xx.o
                0x08009718                AHBPrescTable
 .rodata.APBPrescTable
                0x08009728        0x8 ./Core/Src/system_stm32f0xx.o
                0x08009728                APBPrescTable
 .rodata.aPLLMULFactorTable.1
                0x08009730       0x10 ./Drivers/STM32F0xx_HAL_Driver/Src/stm32f0xx_hal_rcc.o
 .rodata.aPredivFactorTable.0
                0x08009740       0x10 ./Drivers/STM32F0xx_HAL_Driver/Src/stm32f0xx_hal_rcc.o
 .rodata._svfprintf_r.str1.1
                0x08009750       0x11 C:/ST/STM32CubeIDE_1.16.1/STM32CubeIDE/plugins/com.st.stm32cube.ide.mcu.externaltools.gnu-tools-for-stm32.12.3.rel1.win32_1.0.200.202406191623/tools/bin/../lib/gcc/arm-none-eabi/12.3.1/../../../../arm-none-eabi/lib/thumb/v6-m/nofp\libc_nano.a(libc_a-nano-svfprintf.o)
 .rodata._printf_i.str1.1
                0x08009761       0x22 C:/ST/STM32CubeIDE_1.16.1/STM32CubeIDE/plugins/com.st.stm32cube.ide.mcu.externaltools.gnu-tools-for-stm32.12.3.rel1.win32_1.0.200.202406191623/tools/bin/../lib/gcc/arm-none-eabi/12.3.1/../../../../arm-none-eabi/lib/thumb/v6-m/nofp\libc_nano.a(libc_a-nano-vfprintf_i.o)
                0x08009784                        . = ALIGN (0x4)
 *fill*         0x08009783        0x1 

.rel.dyn        0x08009784        0x0
 .rel.iplt      0x08009784        0x0 C:/ST/STM32CubeIDE_1.16.1/STM32CubeIDE/plugins/com.st.stm32cube.ide.mcu.externaltools.gnu-tools-for-stm32.12.3.rel1.win32_1.0.200.202406191623/tools/bin/../lib/gcc/arm-none-eabi/12.3.1/thumb/v6-m/nofp/crtbegin.o

.ARM.extab      0x08009784        0x0
                0x08009784                        . = ALIGN (0x4)
 *(.ARM.extab* .gnu.linkonce.armextab.*)
                0x08009784                        . = ALIGN (0x4)

.ARM            0x08009784        0x0
                0x08009784                        . = ALIGN (0x4)
                0x08009784                        __exidx_start = .
 *(.ARM.exidx*)
                0x08009784                        __exidx_end = .
                0x08009784                        . = ALIGN (0x4)

.preinit_array  0x08009784        0x0
                0x08009784                        . = ALIGN (0x4)
                0x08009784                        PROVIDE (__preinit_array_start = .)
 *(.preinit_array*)
                0x08009784                        PROVIDE (__preinit_array_end = .)
                0x08009784                        . = ALIGN (0x4)

.init_array     0x08009784        0x4
                0x08009784                        . = ALIGN (0x4)
                0x08009784                        PROVIDE (__init_array_start = .)
 *(SORT_BY_NAME(.init_array.*))
 *(.init_array*)
 .init_array    0x08009784        0x4 C:/ST/STM32CubeIDE_1.16.1/STM32CubeIDE/plugins/com.st.stm32cube.ide.mcu.externaltools.gnu-tools-for-stm32.12.3.rel1.win32_1.0.200.202406191623/tools/bin/../lib/gcc/arm-none-eabi/12.3.1/thumb/v6-m/nofp/crtbegin.o
                0x08009788                        PROVIDE (__init_array_end = .)
                0x08009788                        . = ALIGN (0x4)

.fini_array     0x08009788        0x4
                0x08009788                        . = ALIGN (0x4)
                [!provide]                        PROVIDE (__fini_array_start = .)
 *(SORT_BY_NAME(.fini_array.*))
 *(.fini_array*)
 .fini_array    0x08009788        0x4 C:/ST/STM32CubeIDE_1.16.1/STM32CubeIDE/plugins/com.st.stm32cube.ide.mcu.externaltools.gnu-tools-for-stm32.12.3.rel1.win32_1.0.200.202406191623/tools/bin/../lib/gcc/arm-none-eabi/12.3.1/thumb/v6-m/nofp/crtbegin.o
                [!provide]                        PROVIDE (__fini_array_end = .)
                0x0800978c                        . = ALIGN (0x4)
                0x0800978c                        _sidata = LOADADDR (.data)

.data           0x20000000      0x19c load address 0x0800978c
                0x20000000                        . = ALIGN (0x4)
                0x20000000                        _sdata = .
 *(.data)
 *(.data*)
 .data.s_opensolder
                0x20000000       0x20 ./Core/Src/gui.o
 .data.s_firmware
                0x20000020       0x20 ./Core/Src/gui.o
 .data.s_ambient
                0x20000040       0x20 ./Core/Src/gui.o
 .data.set_temp_text
                0x20000060       0x20 ./Core/Src/gui.o
 .data.set_temp_val
                0x20000080       0x20 ./Core/Src/gui.o
 .data.tip_temp_text
                0x200000a0       0x20 ./Core/Src/gui.o
 .data.tip_temp_val
                0x200000c0       0x20 ./Core/Src/gui.o
 .data.power_bar_text
                0x200000e0       0x20 ./Core/Src/gui.o
 .data.message_text
                0x20000100       0x20 ./Core/Src/gui.o
 .data.Font_6x8
                0x20000120        0x8 ./Core/Src/ssd1306_fonts.o
                0x20000120                Font_6x8
 .data.Font_7x10
                0x20000128        0x8 ./Core/Src/ssd1306_fonts.o
                0x20000128                Font_7x10
 .data.Font_11x18
                0x20000130        0x8 ./Core/Src/ssd1306_fonts.o
                0x20000130                Font_11x18
 .data.SystemCoreClock
                0x20000138        0x4 ./Core/Src/system_stm32f0xx.o
                0x20000138                SystemCoreClock
 .data.set_temp
                0x2000013c        0x2 ./Core/Src/temperature.o
 .data.tip_state
                0x2000013e        0x2 ./Core/Src/temperature.o
 .data.delay_flag.0
                0x20000140        0x1 ./Core/Src/temperature.o
 *fill*         0x20000141        0x3 
 .data.uwTickPrio
                0x20000144        0x4 ./Drivers/STM32F0xx_HAL_Driver/Src/stm32f0xx_hal.o
                0x20000144                uwTickPrio
 .data.uwTickFreq
                0x20000148        0x1 ./Drivers/STM32F0xx_HAL_Driver/Src/stm32f0xx_hal.o
                0x20000148                uwTickFreq
 *fill*         0x20000149        0x3 
 .data._impure_ptr
                0x2000014c        0x4 C:/ST/STM32CubeIDE_1.16.1/STM32CubeIDE/plugins/com.st.stm32cube.ide.mcu.externaltools.gnu-tools-for-stm32.12.3.rel1.win32_1.0.200.202406191623/tools/bin/../lib/gcc/arm-none-eabi/12.3.1/../../../../arm-none-eabi/lib/thumb/v6-m/nofp\libc_nano.a(libc_a-impure.o)
                0x2000014c                _impure_ptr
 .data._impure_data
                0x20000150       0x4c C:/ST/STM32CubeIDE_1.16.1/STM32CubeIDE/plugins/com.st.stm32cube.ide.mcu.externaltools.gnu-tools-for-stm32.12.3.rel1.win32_1.0.200.202406191623/tools/bin/../lib/gcc/arm-none-eabi/12.3.1/../../../../arm-none-eabi/lib/thumb/v6-m/nofp\libc_nano.a(libc_a-impure.o)
                0x20000150                _impure_data
 *(.RamFunc)
 *(.RamFunc*)
                0x2000019c                        . = ALIGN (0x4)
                0x2000019c                        _edata = .

.igot.plt       0x2000019c        0x0 load address 0x08009928
 .igot.plt      0x2000019c        0x0 C:/ST/STM32CubeIDE_1.16.1/STM32CubeIDE/plugins/com.st.stm32cube.ide.mcu.externaltools.gnu-tools-for-stm32.12.3.rel1.win32_1.0.200.202406191623/tools/bin/../lib/gcc/arm-none-eabi/12.3.1/thumb/v6-m/nofp/crtbegin.o
                0x2000019c                        . = ALIGN (0x4)

.bss            0x2000019c      0x8ec load address 0x08009928
                0x2000019c                        _sbss = .
                0x2000019c                        __bss_start__ = _sbss
 *(.bss)
 .bss           0x2000019c       0x1c C:/ST/STM32CubeIDE_1.16.1/STM32CubeIDE/plugins/com.st.stm32cube.ide.mcu.externaltools.gnu-tools-for-stm32.12.3.rel1.win32_1.0.200.202406191623/tools/bin/../lib/gcc/arm-none-eabi/12.3.1/thumb/v6-m/nofp/crtbegin.o
 *(.bss*)
 .bss.display_update_tick.2
                0x200001b8        0x4 ./Core/Src/gui.o
 .bss.prev_tip_temp.1
                0x200001bc        0x2 ./Core/Src/gui.o
 .bss.power_bar_value.0
                0x200001be        0x2 ./Core/Src/gui.o
 .bss.hadc      0x200001c0       0x40 ./Core/Src/main.o
                0x200001c0                hadc
 .bss.hdma_adc  0x20000200       0x44 ./Core/Src/main.o
                0x20000200                hdma_adc
 .bss.hi2c1     0x20000244       0x54 ./Core/Src/main.o
                0x20000244                hi2c1
 .bss.hspi1     0x20000298       0x64 ./Core/Src/main.o
                0x20000298                hspi1
 .bss.htim2     0x200002fc       0x48 ./Core/Src/main.o
                0x200002fc                htim2
 .bss.htim6     0x20000344       0x48 ./Core/Src/main.o
                0x20000344                htim6
 .bss.htim7     0x2000038c       0x48 ./Core/Src/main.o
                0x2000038c                htim7
 .bss.huart1    0x200003d4       0x88 ./Core/Src/main.o
                0x200003d4                huart1
 .bss.system_state
                0x2000045c        0x1 ./Core/Src/opensolder.o
 *fill*         0x2000045d        0x3 
 .bss.tool_holder_sensor
                0x20000460       0x10 ./Core/Src/opensolder.o
 .bss.tip_change_sensor
                0x20000470       0x10 ./Core/Src/opensolder.o
 .bss.mmi_button
                0x20000480       0x10 ./Core/Src/opensolder.o
 .bss.mmi_encoder
                0x20000490       0x10 ./Core/Src/opensolder.o
 .bss.tool_holder_state
                0x200004a0        0x1 ./Core/Src/opensolder.o
 .bss.tip_change_state
                0x200004a1        0x1 ./Core/Src/opensolder.o
 .bss.mmi_button_event
                0x200004a2        0x1 ./Core/Src/opensolder.o
 .bss.mmi_encoder_event
                0x200004a3        0x1 ./Core/Src/opensolder.o
 .bss.tip_insert_delay_tick_ms.3
                0x200004a4        0x4 ./Core/Src/opensolder.o
 .bss.standby_timeout_tick_ms.2
                0x200004a8        0x4 ./Core/Src/opensolder.o
 .bss.standby_delay_tick_ms.1
                0x200004ac        0x4 ./Core/Src/opensolder.o
 .bss.tip_change_delay_tick_ms.0
                0x200004b0        0x4 ./Core/Src/opensolder.o
 .bss.SSD1306_Buffer
                0x200004b4      0x400 ./Core/Src/ssd1306.o
 .bss.SSD1306   0x200008b4        0x8 ./Core/Src/ssd1306.o
 .bss.__sbrk_heap_end
                0x200008bc        0x4 ./Core/Src/sysmem.o
 .bss.adc_buffer
                0x200008c0       0x64 ./Core/Src/temperature.o
 .bss.adc_buffer_average
                0x20000924        0x4 ./Core/Src/temperature.o
 .bss.tip_temp  0x20000928        0x2 ./Core/Src/temperature.o
 .bss.on_periods
                0x2000092a        0x1 ./Core/Src/temperature.o
 .bss.power_bar_value
                0x2000092b        0x1 ./Core/Src/temperature.o
 .bss.heater_power_history
                0x2000092c        0x4 ./Core/Src/temperature.o
 .bss.error_flag
                0x20000930        0x1 ./Core/Src/temperature.o
 *fill*         0x20000931        0x3 
 .bss.ac_delay_tick_ms
                0x20000934        0x4 ./Core/Src/temperature.o
 .bss.tip_check_flag
                0x20000938        0x1 ./Core/Src/temperature.o
 *fill*         0x20000939        0x1 
 .bss.tip_check_counter
                0x2000093a        0x2 ./Core/Src/temperature.o
 .bss.uwTick    0x2000093c        0x4 ./Drivers/STM32F0xx_HAL_Driver/Src/stm32f0xx_hal.o
                0x2000093c                uwTick
 .bss.__sf      0x20000940      0x138 C:/ST/STM32CubeIDE_1.16.1/STM32CubeIDE/plugins/com.st.stm32cube.ide.mcu.externaltools.gnu-tools-for-stm32.12.3.rel1.win32_1.0.200.202406191623/tools/bin/../lib/gcc/arm-none-eabi/12.3.1/../../../../arm-none-eabi/lib/thumb/v6-m/nofp\libc_nano.a(libc_a-findfp.o)
                0x20000940                __sf
 .bss.errno     0x20000a78        0x4 C:/ST/STM32CubeIDE_1.16.1/STM32CubeIDE/plugins/com.st.stm32cube.ide.mcu.externaltools.gnu-tools-for-stm32.12.3.rel1.win32_1.0.200.202406191623/tools/bin/../lib/gcc/arm-none-eabi/12.3.1/../../../../arm-none-eabi/lib/thumb/v6-m/nofp\libc_nano.a(libc_a-reent.o)
                0x20000a78                errno
 .bss.__lock___malloc_recursive_mutex
                0x20000a7c        0x1 C:/ST/STM32CubeIDE_1.16.1/STM32CubeIDE/plugins/com.st.stm32cube.ide.mcu.externaltools.gnu-tools-for-stm32.12.3.rel1.win32_1.0.200.202406191623/tools/bin/../lib/gcc/arm-none-eabi/12.3.1/../../../../arm-none-eabi/lib/thumb/v6-m/nofp\libc_nano.a(libc_a-lock.o)
                0x20000a7c                __lock___malloc_recursive_mutex
 *fill*         0x20000a7d        0x3 
 .bss.__malloc_sbrk_start
                0x20000a80        0x4 C:/ST/STM32CubeIDE_1.16.1/STM32CubeIDE/plugins/com.st.stm32cube.ide.mcu.externaltools.gnu-tools-for-stm32.12.3.rel1.win32_1.0.200.202406191623/tools/bin/../lib/gcc/arm-none-eabi/12.3.1/../../../../arm-none-eabi/lib/thumb/v6-m/nofp\libc_nano.a(libc_a-mallocr.o)
                0x20000a80                __malloc_sbrk_start
 .bss.__malloc_free_list
                0x20000a84        0x4 C:/ST/STM32CubeIDE_1.16.1/STM32CubeIDE/plugins/com.st.stm32cube.ide.mcu.externaltools.gnu-tools-for-stm32.12.3.rel1.win32_1.0.200.202406191623/tools/bin/../lib/gcc/arm-none-eabi/12.3.1/../../../../arm-none-eabi/lib/thumb/v6-m/nofp\libc_nano.a(libc_a-mallocr.o)
                0x20000a84                __malloc_free_list
 *(COMMON)
                0x20000a88                        . = ALIGN (0x4)
                0x20000a88                        _ebss = .
                0x20000a88                        __bss_end__ = _ebss

._user_heap_stack
                0x20000a88      0x600 load address 0x08009928
                0x20000a88                        . = ALIGN (0x8)
                [!provide]                        PROVIDE (end = .)
                0x20000a88                        PROVIDE (_end = .)
                0x20000c88                        . = (. + _Min_Heap_Size)
 *fill*         0x20000a88      0x200 
                0x20001088                        . = (. + _Min_Stack_Size)
 *fill*         0x20000c88      0x400 
                0x20001088                        . = ALIGN (0x8)

/DISCARD/
 libc.a(*)
 libm.a(*)
 libgcc.a(*)

.ARM.attributes
                0x00000000       0x28
 *(.ARM.attributes)
 .ARM.attributes
                0x00000000       0x1e C:/ST/STM32CubeIDE_1.16.1/STM32CubeIDE/plugins/com.st.stm32cube.ide.mcu.externaltools.gnu-tools-for-stm32.12.3.rel1.win32_1.0.200.202406191623/tools/bin/../lib/gcc/arm-none-eabi/12.3.1/thumb/v6-m/nofp/crti.o
 .ARM.attributes
                0x0000001e       0x2c C:/ST/STM32CubeIDE_1.16.1/STM32CubeIDE/plugins/com.st.stm32cube.ide.mcu.externaltools.gnu-tools-for-stm32.12.3.rel1.win32_1.0.200.202406191623/tools/bin/../lib/gcc/arm-none-eabi/12.3.1/thumb/v6-m/nofp/crtbegin.o
 .ARM.attributes
                0x0000004a       0x2c ./Core/Src/button.o
 .ARM.attributes
                0x00000076       0x2c ./Core/Src/encoder.o
 .ARM.attributes
                0x000000a2       0x2c ./Core/Src/gui.o
 .ARM.attributes
                0x000000ce       0x2c ./Core/Src/main.o
 .ARM.attributes
                0x000000fa       0x2c ./Core/Src/opensolder.o
 .ARM.attributes
                0x00000126       0x2c ./Core/Src/ssd1306.o
 .ARM.attributes
                0x00000152       0x2c ./Core/Src/ssd1306_fonts.o
 .ARM.attributes
                0x0000017e       0x2c ./Core/Src/stm32f0xx_hal_msp.o
 .ARM.attributes
                0x000001aa       0x2c ./Core/Src/stm32f0xx_it.o
 .ARM.attributes
                0x000001d6       0x2c ./Core/Src/sysmem.o
 .ARM.attributes
                0x00000202       0x2c ./Core/Src/system_stm32f0xx.o
 .ARM.attributes
                0x0000022e       0x2c ./Core/Src/temperature.o
 .ARM.attributes
                0x0000025a       0x21 ./Core/Startup/startup_stm32f072cbtx.o
 .ARM.attributes
                0x0000027b       0x2c ./Drivers/STM32F0xx_HAL_Driver/Src/stm32f0xx_hal.o
 .ARM.attributes
                0x000002a7       0x2c ./Drivers/STM32F0xx_HAL_Driver/Src/stm32f0xx_hal_adc.o
 .ARM.attributes
                0x000002d3       0x2c ./Drivers/STM32F0xx_HAL_Driver/Src/stm32f0xx_hal_adc_ex.o
 .ARM.attributes
                0x000002ff       0x2c ./Drivers/STM32F0xx_HAL_Driver/Src/stm32f0xx_hal_cortex.o
 .ARM.attributes
                0x0000032b       0x2c ./Drivers/STM32F0xx_HAL_Driver/Src/stm32f0xx_hal_dma.o
 .ARM.attributes
                0x00000357       0x2c ./Drivers/STM32F0xx_HAL_Driver/Src/stm32f0xx_hal_gpio.o
 .ARM.attributes
                0x00000383       0x2c ./Drivers/STM32F0xx_HAL_Driver/Src/stm32f0xx_hal_i2c.o
 .ARM.attributes
                0x000003af       0x2c ./Drivers/STM32F0xx_HAL_Driver/Src/stm32f0xx_hal_i2c_ex.o
 .ARM.attributes
                0x000003db       0x2c ./Drivers/STM32F0xx_HAL_Driver/Src/stm32f0xx_hal_rcc.o
 .ARM.attributes
                0x00000407       0x2c ./Drivers/STM32F0xx_HAL_Driver/Src/stm32f0xx_hal_rcc_ex.o
 .ARM.attributes
                0x00000433       0x2c ./Drivers/STM32F0xx_HAL_Driver/Src/stm32f0xx_hal_spi.o
 .ARM.attributes
                0x0000045f       0x2c ./Drivers/STM32F0xx_HAL_Driver/Src/stm32f0xx_hal_tim.o
 .ARM.attributes
                0x0000048b       0x2c ./Drivers/STM32F0xx_HAL_Driver/Src/stm32f0xx_hal_tim_ex.o
 .ARM.attributes
                0x000004b7       0x2c ./Drivers/STM32F0xx_HAL_Driver/Src/stm32f0xx_hal_uart.o
 .ARM.attributes
                0x000004e3       0x2c C:/ST/STM32CubeIDE_1.16.1/STM32CubeIDE/plugins/com.st.stm32cube.ide.mcu.externaltools.gnu-tools-for-stm32.12.3.rel1.win32_1.0.200.202406191623/tools/bin/../lib/gcc/arm-none-eabi/12.3.1/../../../../arm-none-eabi/lib/thumb/v6-m/nofp\libc_nano.a(libc_a-findfp.o)
 .ARM.attributes
                0x0000050f       0x2c C:/ST/STM32CubeIDE_1.16.1/STM32CubeIDE/plugins/com.st.stm32cube.ide.mcu.externaltools.gnu-tools-for-stm32.12.3.rel1.win32_1.0.200.202406191623/tools/bin/../lib/gcc/arm-none-eabi/12.3.1/../../../../arm-none-eabi/lib/thumb/v6-m/nofp\libc_nano.a(libc_a-snprintf.o)
 .ARM.attributes
                0x0000053b       0x2c C:/ST/STM32CubeIDE_1.16.1/STM32CubeIDE/plugins/com.st.stm32cube.ide.mcu.externaltools.gnu-tools-for-stm32.12.3.rel1.win32_1.0.200.202406191623/tools/bin/../lib/gcc/arm-none-eabi/12.3.1/../../../../arm-none-eabi/lib/thumb/v6-m/nofp\libc_nano.a(libc_a-memset.o)
 .ARM.attributes
                0x00000567       0x2c C:/ST/STM32CubeIDE_1.16.1/STM32CubeIDE/plugins/com.st.stm32cube.ide.mcu.externaltools.gnu-tools-for-stm32.12.3.rel1.win32_1.0.200.202406191623/tools/bin/../lib/gcc/arm-none-eabi/12.3.1/../../../../arm-none-eabi/lib/thumb/v6-m/nofp\libc_nano.a(libc_a-strcat.o)
 .ARM.attributes
                0x00000593       0x2c C:/ST/STM32CubeIDE_1.16.1/STM32CubeIDE/plugins/com.st.stm32cube.ide.mcu.externaltools.gnu-tools-for-stm32.12.3.rel1.win32_1.0.200.202406191623/tools/bin/../lib/gcc/arm-none-eabi/12.3.1/../../../../arm-none-eabi/lib/thumb/v6-m/nofp\libc_nano.a(libc_a-reent.o)
 .ARM.attributes
                0x000005bf       0x2c C:/ST/STM32CubeIDE_1.16.1/STM32CubeIDE/plugins/com.st.stm32cube.ide.mcu.externaltools.gnu-tools-for-stm32.12.3.rel1.win32_1.0.200.202406191623/tools/bin/../lib/gcc/arm-none-eabi/12.3.1/../../../../arm-none-eabi/lib/thumb/v6-m/nofp\libc_nano.a(libc_a-impure.o)
 .ARM.attributes
                0x000005eb       0x2c C:/ST/STM32CubeIDE_1.16.1/STM32CubeIDE/plugins/com.st.stm32cube.ide.mcu.externaltools.gnu-tools-for-stm32.12.3.rel1.win32_1.0.200.202406191623/tools/bin/../lib/gcc/arm-none-eabi/12.3.1/../../../../arm-none-eabi/lib/thumb/v6-m/nofp\libc_nano.a(libc_a-errno.o)
 .ARM.attributes
                0x00000617       0x2c C:/ST/STM32CubeIDE_1.16.1/STM32CubeIDE/plugins/com.st.stm32cube.ide.mcu.externaltools.gnu-tools-for-stm32.12.3.rel1.win32_1.0.200.202406191623/tools/bin/../lib/gcc/arm-none-eabi/12.3.1/../../../../arm-none-eabi/lib/thumb/v6-m/nofp\libc_nano.a(libc_a-init.o)
 .ARM.attributes
                0x00000643       0x2c C:/ST/STM32CubeIDE_1.16.1/STM32CubeIDE/plugins/com.st.stm32cube.ide.mcu.externaltools.gnu-tools-for-stm32.12.3.rel1.win32_1.0.200.202406191623/tools/bin/../lib/gcc/arm-none-eabi/12.3.1/../../../../arm-none-eabi/lib/thumb/v6-m/nofp\libc_nano.a(libc_a-lock.o)
 .ARM.attributes
                0x0000066f       0x2c C:/ST/STM32CubeIDE_1.16.1/STM32CubeIDE/plugins/com.st.stm32cube.ide.mcu.externaltools.gnu-tools-for-stm32.12.3.rel1.win32_1.0.200.202406191623/tools/bin/../lib/gcc/arm-none-eabi/12.3.1/../../../../arm-none-eabi/lib/thumb/v6-m/nofp\libc_nano.a(libc_a-memcpy-stub.o)
 .ARM.attributes
                0x0000069b       0x1c C:/ST/STM32CubeIDE_1.16.1/STM32CubeIDE/plugins/com.st.stm32cube.ide.mcu.externaltools.gnu-tools-for-stm32.12.3.rel1.win32_1.0.200.202406191623/tools/bin/../lib/gcc/arm-none-eabi/12.3.1/../../../../arm-none-eabi/lib/thumb/v6-m/nofp\libc_nano.a(libc_a-strlen.o)
 .ARM.attributes
                0x000006b7       0x2c C:/ST/STM32CubeIDE_1.16.1/STM32CubeIDE/plugins/com.st.stm32cube.ide.mcu.externaltools.gnu-tools-for-stm32.12.3.rel1.win32_1.0.200.202406191623/tools/bin/../lib/gcc/arm-none-eabi/12.3.1/../../../../arm-none-eabi/lib/thumb/v6-m/nofp\libc_nano.a(libc_a-freer.o)
 .ARM.attributes
                0x000006e3       0x2c C:/ST/STM32CubeIDE_1.16.1/STM32CubeIDE/plugins/com.st.stm32cube.ide.mcu.externaltools.gnu-tools-for-stm32.12.3.rel1.win32_1.0.200.202406191623/tools/bin/../lib/gcc/arm-none-eabi/12.3.1/../../../../arm-none-eabi/lib/thumb/v6-m/nofp\libc_nano.a(libc_a-mallocr.o)
 .ARM.attributes
                0x0000070f       0x2c C:/ST/STM32CubeIDE_1.16.1/STM32CubeIDE/plugins/com.st.stm32cube.ide.mcu.externaltools.gnu-tools-for-stm32.12.3.rel1.win32_1.0.200.202406191623/tools/bin/../lib/gcc/arm-none-eabi/12.3.1/../../../../arm-none-eabi/lib/thumb/v6-m/nofp\libc_nano.a(libc_a-mlock.o)
 .ARM.attributes
                0x0000073b       0x2c C:/ST/STM32CubeIDE_1.16.1/STM32CubeIDE/plugins/com.st.stm32cube.ide.mcu.externaltools.gnu-tools-for-stm32.12.3.rel1.win32_1.0.200.202406191623/tools/bin/../lib/gcc/arm-none-eabi/12.3.1/../../../../arm-none-eabi/lib/thumb/v6-m/nofp\libc_nano.a(libc_a-nano-svfprintf.o)
 .ARM.attributes
                0x00000767       0x2c C:/ST/STM32CubeIDE_1.16.1/STM32CubeIDE/plugins/com.st.stm32cube.ide.mcu.externaltools.gnu-tools-for-stm32.12.3.rel1.win32_1.0.200.202406191623/tools/bin/../lib/gcc/arm-none-eabi/12.3.1/../../../../arm-none-eabi/lib/thumb/v6-m/nofp\libc_nano.a(libc_a-nano-vfprintf_i.o)
 .ARM.attributes
                0x00000793       0x2c C:/ST/STM32CubeIDE_1.16.1/STM32CubeIDE/plugins/com.st.stm32cube.ide.mcu.externaltools.gnu-tools-for-stm32.12.3.rel1.win32_1.0.200.202406191623/tools/bin/../lib/gcc/arm-none-eabi/12.3.1/../../../../arm-none-eabi/lib/thumb/v6-m/nofp\libc_nano.a(libc_a-memmove.o)
 .ARM.attributes
                0x000007bf       0x2c C:/ST/STM32CubeIDE_1.16.1/STM32CubeIDE/plugins/com.st.stm32cube.ide.mcu.externaltools.gnu-tools-for-stm32.12.3.rel1.win32_1.0.200.202406191623/tools/bin/../lib/gcc/arm-none-eabi/12.3.1/../../../../arm-none-eabi/lib/thumb/v6-m/nofp\libc_nano.a(libc_a-sbrkr.o)
 .ARM.attributes
                0x000007eb       0x2c C:/ST/STM32CubeIDE_1.16.1/STM32CubeIDE/plugins/com.st.stm32cube.ide.mcu.externaltools.gnu-tools-for-stm32.12.3.rel1.win32_1.0.200.202406191623/tools/bin/../lib/gcc/arm-none-eabi/12.3.1/../../../../arm-none-eabi/lib/thumb/v6-m/nofp\libc_nano.a(libc_a-memchr-stub.o)
 .ARM.attributes
                0x00000817       0x2c C:/ST/STM32CubeIDE_1.16.1/STM32CubeIDE/plugins/com.st.stm32cube.ide.mcu.externaltools.gnu-tools-for-stm32.12.3.rel1.win32_1.0.200.202406191623/tools/bin/../lib/gcc/arm-none-eabi/12.3.1/../../../../arm-none-eabi/lib/thumb/v6-m/nofp\libc_nano.a(libc_a-reallocr.o)
 .ARM.attributes
                0x00000843       0x2c C:/ST/STM32CubeIDE_1.16.1/STM32CubeIDE/plugins/com.st.stm32cube.ide.mcu.externaltools.gnu-tools-for-stm32.12.3.rel1.win32_1.0.200.202406191623/tools/bin/../lib/gcc/arm-none-eabi/12.3.1/../../../../arm-none-eabi/lib/thumb/v6-m/nofp\libc_nano.a(libc_a-msizer.o)
 .ARM.attributes
                0x0000086f       0x1e C:/ST/STM32CubeIDE_1.16.1/STM32CubeIDE/plugins/com.st.stm32cube.ide.mcu.externaltools.gnu-tools-for-stm32.12.3.rel1.win32_1.0.200.202406191623/tools/bin/../lib/gcc/arm-none-eabi/12.3.1/thumb/v6-m/nofp\libgcc.a(_thumb1_case_shi.o)
 .ARM.attributes
                0x0000088d       0x1e C:/ST/STM32CubeIDE_1.16.1/STM32CubeIDE/plugins/com.st.stm32cube.ide.mcu.externaltools.gnu-tools-for-stm32.12.3.rel1.win32_1.0.200.202406191623/tools/bin/../lib/gcc/arm-none-eabi/12.3.1/thumb/v6-m/nofp\libgcc.a(_udivsi3.o)
 .ARM.attributes
                0x000008ab       0x1e C:/ST/STM32CubeIDE_1.16.1/STM32CubeIDE/plugins/com.st.stm32cube.ide.mcu.externaltools.gnu-tools-for-stm32.12.3.rel1.win32_1.0.200.202406191623/tools/bin/../lib/gcc/arm-none-eabi/12.3.1/thumb/v6-m/nofp\libgcc.a(_dvmd_tls.o)
 .ARM.attributes
                0x000008c9       0x2c C:/ST/STM32CubeIDE_1.16.1/STM32CubeIDE/plugins/com.st.stm32cube.ide.mcu.externaltools.gnu-tools-for-stm32.12.3.rel1.win32_1.0.200.202406191623/tools/bin/../lib/gcc/arm-none-eabi/12.3.1/thumb/v6-m/nofp\libgcc.a(muldf3.o)
 .ARM.attributes
                0x000008f5       0x2c C:/ST/STM32CubeIDE_1.16.1/STM32CubeIDE/plugins/com.st.stm32cube.ide.mcu.externaltools.gnu-tools-for-stm32.12.3.rel1.win32_1.0.200.202406191623/tools/bin/../lib/gcc/arm-none-eabi/12.3.1/thumb/v6-m/nofp\libgcc.a(fixdfsi.o)
 .ARM.attributes
                0x00000921       0x2c C:/ST/STM32CubeIDE_1.16.1/STM32CubeIDE/plugins/com.st.stm32cube.ide.mcu.externaltools.gnu-tools-for-stm32.12.3.rel1.win32_1.0.200.202406191623/tools/bin/../lib/gcc/arm-none-eabi/12.3.1/thumb/v6-m/nofp\libgcc.a(floatsidf.o)
 .ARM.attributes
                0x0000094d       0x1e C:/ST/STM32CubeIDE_1.16.1/STM32CubeIDE/plugins/com.st.stm32cube.ide.mcu.externaltools.gnu-tools-for-stm32.12.3.rel1.win32_1.0.200.202406191623/tools/bin/../lib/gcc/arm-none-eabi/12.3.1/thumb/v6-m/nofp\libgcc.a(_clzsi2.o)
 .ARM.attributes
                0x0000096b       0x1e C:/ST/STM32CubeIDE_1.16.1/STM32CubeIDE/plugins/com.st.stm32cube.ide.mcu.externaltools.gnu-tools-for-stm32.12.3.rel1.win32_1.0.200.202406191623/tools/bin/../lib/gcc/arm-none-eabi/12.3.1/thumb/v6-m/nofp/crtn.o
OUTPUT(opensolder.elf elf32-littlearm)
LOAD linker stubs
LOAD C:/ST/STM32CubeIDE_1.16.1/STM32CubeIDE/plugins/com.st.stm32cube.ide.mcu.externaltools.gnu-tools-for-stm32.12.3.rel1.win32_1.0.200.202406191623/tools/bin/../lib/gcc/arm-none-eabi/12.3.1/../../../../arm-none-eabi/lib/thumb/v6-m/nofp\libc.a
LOAD C:/ST/STM32CubeIDE_1.16.1/STM32CubeIDE/plugins/com.st.stm32cube.ide.mcu.externaltools.gnu-tools-for-stm32.12.3.rel1.win32_1.0.200.202406191623/tools/bin/../lib/gcc/arm-none-eabi/12.3.1/../../../../arm-none-eabi/lib/thumb/v6-m/nofp\libm.a
LOAD C:/ST/STM32CubeIDE_1.16.1/STM32CubeIDE/plugins/com.st.stm32cube.ide.mcu.externaltools.gnu-tools-for-stm32.12.3.rel1.win32_1.0.200.202406191623/tools/bin/../lib/gcc/arm-none-eabi/12.3.1/thumb/v6-m/nofp\libgcc.a

.debug_info     0x00000000    0x17b74
 .debug_info    0x00000000      0x368 ./Core/Src/button.o
 .debug_info    0x00000368      0x3a0 ./Core/Src/encoder.o
 .debug_info    0x00000708      0x708 ./Core/Src/gui.o
 .debug_info    0x00000e10     0x1b5d ./Core/Src/main.o
 .debug_info    0x0000296d     0x15d8 ./Core/Src/opensolder.o
 .debug_info    0x00003f45      0xf30 ./Core/Src/ssd1306.o
 .debug_info    0x00004e75      0x1e1 ./Core/Src/ssd1306_fonts.o
 .debug_info    0x00005056     0x1837 ./Core/Src/stm32f0xx_hal_msp.o
 .debug_info    0x0000688d      0x6d9 ./Core/Src/stm32f0xx_it.o
 .debug_info    0x00006f66      0x168 ./Core/Src/sysmem.o
 .debug_info    0x000070ce      0x242 ./Core/Src/system_stm32f0xx.o
 .debug_info    0x00007310     0x165b ./Core/Src/temperature.o
 .debug_info    0x0000896b       0x30 ./Core/Startup/startup_stm32f072cbtx.o
 .debug_info    0x0000899b      0x6c9 ./Drivers/STM32F0xx_HAL_Driver/Src/stm32f0xx_hal.o
 .debug_info    0x00009064      0xc6a ./Drivers/STM32F0xx_HAL_Driver/Src/stm32f0xx_hal_adc.o
 .debug_info    0x00009cce      0x571 ./Drivers/STM32F0xx_HAL_Driver/Src/stm32f0xx_hal_adc_ex.o
 .debug_info    0x0000a23f      0x6c5 ./Drivers/STM32F0xx_HAL_Driver/Src/stm32f0xx_hal_cortex.o
 .debug_info    0x0000a904      0x6ea ./Drivers/STM32F0xx_HAL_Driver/Src/stm32f0xx_hal_dma.o
 .debug_info    0x0000afee      0x5a6 ./Drivers/STM32F0xx_HAL_Driver/Src/stm32f0xx_hal_gpio.o
 .debug_info    0x0000b594     0x20c5 ./Drivers/STM32F0xx_HAL_Driver/Src/stm32f0xx_hal_i2c.o
 .debug_info    0x0000d659      0x824 ./Drivers/STM32F0xx_HAL_Driver/Src/stm32f0xx_hal_i2c_ex.o
 .debug_info    0x0000de7d      0x83f ./Drivers/STM32F0xx_HAL_Driver/Src/stm32f0xx_hal_rcc.o
 .debug_info    0x0000e6bc      0x61c ./Drivers/STM32F0xx_HAL_Driver/Src/stm32f0xx_hal_rcc_ex.o
 .debug_info    0x0000ecd8     0x1618 ./Drivers/STM32F0xx_HAL_Driver/Src/stm32f0xx_hal_spi.o
 .debug_info    0x000102f0     0x2950 ./Drivers/STM32F0xx_HAL_Driver/Src/stm32f0xx_hal_tim.o
 .debug_info    0x00012c40     0x1492 ./Drivers/STM32F0xx_HAL_Driver/Src/stm32f0xx_hal_tim_ex.o
 .debug_info    0x000140d2     0x3aa2 ./Drivers/STM32F0xx_HAL_Driver/Src/stm32f0xx_hal_uart.o

.debug_abbrev   0x00000000     0x37a8
 .debug_abbrev  0x00000000      0x1bf ./Core/Src/button.o
 .debug_abbrev  0x000001bf      0x173 ./Core/Src/encoder.o
 .debug_abbrev  0x00000332      0x239 ./Core/Src/gui.o
 .debug_abbrev  0x0000056b      0x31b ./Core/Src/main.o
 .debug_abbrev  0x00000886      0x2ad ./Core/Src/opensolder.o
 .debug_abbrev  0x00000b33      0x339 ./Core/Src/ssd1306.o
 .debug_abbrev  0x00000e6c       0xc4 ./Core/Src/ssd1306_fonts.o
 .debug_abbrev  0x00000f30      0x269 ./Core/Src/stm32f0xx_hal_msp.o
 .debug_abbrev  0x00001199      0x194 ./Core/Src/stm32f0xx_it.o
 .debug_abbrev  0x0000132d       0xbc ./Core/Src/sysmem.o
 .debug_abbrev  0x000013e9      0x11c ./Core/Src/system_stm32f0xx.o
 .debug_abbrev  0x00001505      0x390 ./Core/Src/temperature.o
 .debug_abbrev  0x00001895       0x24 ./Core/Startup/startup_stm32f072cbtx.o
 .debug_abbrev  0x000018b9      0x213 ./Drivers/STM32F0xx_HAL_Driver/Src/stm32f0xx_hal.o
 .debug_abbrev  0x00001acc      0x259 ./Drivers/STM32F0xx_HAL_Driver/Src/stm32f0xx_hal_adc.o
 .debug_abbrev  0x00001d25      0x181 ./Drivers/STM32F0xx_HAL_Driver/Src/stm32f0xx_hal_adc_ex.o
 .debug_abbrev  0x00001ea6      0x28c ./Drivers/STM32F0xx_HAL_Driver/Src/stm32f0xx_hal_cortex.o
 .debug_abbrev  0x00002132      0x224 ./Drivers/STM32F0xx_HAL_Driver/Src/stm32f0xx_hal_dma.o
 .debug_abbrev  0x00002356      0x1cb ./Drivers/STM32F0xx_HAL_Driver/Src/stm32f0xx_hal_gpio.o
 .debug_abbrev  0x00002521      0x261 ./Drivers/STM32F0xx_HAL_Driver/Src/stm32f0xx_hal_i2c.o
 .debug_abbrev  0x00002782      0x1c3 ./Drivers/STM32F0xx_HAL_Driver/Src/stm32f0xx_hal_i2c_ex.o
 .debug_abbrev  0x00002945      0x28c ./Drivers/STM32F0xx_HAL_Driver/Src/stm32f0xx_hal_rcc.o
 .debug_abbrev  0x00002bd1      0x1a6 ./Drivers/STM32F0xx_HAL_Driver/Src/stm32f0xx_hal_rcc_ex.o
 .debug_abbrev  0x00002d77      0x269 ./Drivers/STM32F0xx_HAL_Driver/Src/stm32f0xx_hal_spi.o
 .debug_abbrev  0x00002fe0      0x278 ./Drivers/STM32F0xx_HAL_Driver/Src/stm32f0xx_hal_tim.o
 .debug_abbrev  0x00003258      0x283 ./Drivers/STM32F0xx_HAL_Driver/Src/stm32f0xx_hal_tim_ex.o
 .debug_abbrev  0x000034db      0x2cd ./Drivers/STM32F0xx_HAL_Driver/Src/stm32f0xx_hal_uart.o

.debug_aranges  0x00000000     0x1518
 .debug_aranges
                0x00000000       0x38 ./Core/Src/button.o
 .debug_aranges
                0x00000038       0x40 ./Core/Src/encoder.o
 .debug_aranges
                0x00000078       0x48 ./Core/Src/gui.o
 .debug_aranges
                0x000000c0       0x78 ./Core/Src/main.o
 .debug_aranges
                0x00000138       0x50 ./Core/Src/opensolder.o
 .debug_aranges
                0x00000188       0xc8 ./Core/Src/ssd1306.o
 .debug_aranges
                0x00000250       0x18 ./Core/Src/ssd1306_fonts.o
 .debug_aranges
                0x00000268       0x80 ./Core/Src/stm32f0xx_hal_msp.o
 .debug_aranges
                0x000002e8       0x60 ./Core/Src/stm32f0xx_it.o
 .debug_aranges
                0x00000348       0x20 ./Core/Src/sysmem.o
 .debug_aranges
                0x00000368       0x28 ./Core/Src/system_stm32f0xx.o
 .debug_aranges
                0x00000390       0xc0 ./Core/Src/temperature.o
 .debug_aranges
                0x00000450       0x28 ./Core/Startup/startup_stm32f072cbtx.o
 .debug_aranges
                0x00000478       0xd0 ./Drivers/STM32F0xx_HAL_Driver/Src/stm32f0xx_hal.o
 .debug_aranges
                0x00000548       0xf8 ./Drivers/STM32F0xx_HAL_Driver/Src/stm32f0xx_hal_adc.o
 .debug_aranges
                0x00000640       0x20 ./Drivers/STM32F0xx_HAL_Driver/Src/stm32f0xx_hal_adc_ex.o
 .debug_aranges
                0x00000660       0xc0 ./Drivers/STM32F0xx_HAL_Driver/Src/stm32f0xx_hal_cortex.o
 .debug_aranges
                0x00000720       0x88 ./Drivers/STM32F0xx_HAL_Driver/Src/stm32f0xx_hal_dma.o
 .debug_aranges
                0x000007a8       0x58 ./Drivers/STM32F0xx_HAL_Driver/Src/stm32f0xx_hal_gpio.o
 .debug_aranges
                0x00000800      0x2a0 ./Drivers/STM32F0xx_HAL_Driver/Src/stm32f0xx_hal_i2c.o
 .debug_aranges
                0x00000aa0       0x48 ./Drivers/STM32F0xx_HAL_Driver/Src/stm32f0xx_hal_i2c_ex.o
 .debug_aranges
                0x00000ae8       0x80 ./Drivers/STM32F0xx_HAL_Driver/Src/stm32f0xx_hal_rcc.o
 .debug_aranges
                0x00000b68       0x78 ./Drivers/STM32F0xx_HAL_Driver/Src/stm32f0xx_hal_rcc_ex.o
 .debug_aranges
                0x00000be0      0x1d8 ./Drivers/STM32F0xx_HAL_Driver/Src/stm32f0xx_hal_spi.o
 .debug_aranges
                0x00000db8      0x3d0 ./Drivers/STM32F0xx_HAL_Driver/Src/stm32f0xx_hal_tim.o
 .debug_aranges
                0x00001188      0x168 ./Drivers/STM32F0xx_HAL_Driver/Src/stm32f0xx_hal_tim_ex.o
 .debug_aranges
                0x000012f0      0x228 ./Drivers/STM32F0xx_HAL_Driver/Src/stm32f0xx_hal_uart.o

.debug_rnglists
                0x00000000     0x109e
 .debug_rnglists
                0x00000000       0x26 ./Core/Src/button.o
 .debug_rnglists
                0x00000026       0x2c ./Core/Src/encoder.o
 .debug_rnglists
                0x00000052       0x36 ./Core/Src/gui.o
 .debug_rnglists
                0x00000088       0x5b ./Core/Src/main.o
 .debug_rnglists
                0x000000e3       0x39 ./Core/Src/opensolder.o
 .debug_rnglists
                0x0000011c       0x99 ./Core/Src/ssd1306.o
 .debug_rnglists
                0x000001b5       0x61 ./Core/Src/stm32f0xx_hal_msp.o
 .debug_rnglists
                0x00000216       0x43 ./Core/Src/stm32f0xx_it.o
 .debug_rnglists
                0x00000259       0x13 ./Core/Src/sysmem.o
 .debug_rnglists
                0x0000026c       0x1a ./Core/Src/system_stm32f0xx.o
 .debug_rnglists
                0x00000286       0xa8 ./Core/Src/temperature.o
 .debug_rnglists
                0x0000032e       0x19 ./Core/Startup/startup_stm32f072cbtx.o
 .debug_rnglists
                0x00000347       0x97 ./Drivers/STM32F0xx_HAL_Driver/Src/stm32f0xx_hal.o
 .debug_rnglists
                0x000003de       0xc6 ./Drivers/STM32F0xx_HAL_Driver/Src/stm32f0xx_hal_adc.o
 .debug_rnglists
                0x000004a4       0x14 ./Drivers/STM32F0xx_HAL_Driver/Src/stm32f0xx_hal_adc_ex.o
 .debug_rnglists
                0x000004b8       0x8c ./Drivers/STM32F0xx_HAL_Driver/Src/stm32f0xx_hal_cortex.o
 .debug_rnglists
                0x00000544       0x6a ./Drivers/STM32F0xx_HAL_Driver/Src/stm32f0xx_hal_dma.o
 .debug_rnglists
                0x000005ae       0x3f ./Drivers/STM32F0xx_HAL_Driver/Src/stm32f0xx_hal_gpio.o
 .debug_rnglists
                0x000005ed      0x229 ./Drivers/STM32F0xx_HAL_Driver/Src/stm32f0xx_hal_i2c.o
 .debug_rnglists
                0x00000816       0x35 ./Drivers/STM32F0xx_HAL_Driver/Src/stm32f0xx_hal_i2c_ex.o
 .debug_rnglists
                0x0000084b       0x61 ./Drivers/STM32F0xx_HAL_Driver/Src/stm32f0xx_hal_rcc.o
 .debug_rnglists
                0x000008ac       0x5b ./Drivers/STM32F0xx_HAL_Driver/Src/stm32f0xx_hal_rcc_ex.o
 .debug_rnglists
                0x00000907      0x17a ./Drivers/STM32F0xx_HAL_Driver/Src/stm32f0xx_hal_spi.o
 .debug_rnglists
                0x00000a81      0x31c ./Drivers/STM32F0xx_HAL_Driver/Src/stm32f0xx_hal_tim.o
 .debug_rnglists
                0x00000d9d      0x126 ./Drivers/STM32F0xx_HAL_Driver/Src/stm32f0xx_hal_tim_ex.o
 .debug_rnglists
                0x00000ec3      0x1db ./Drivers/STM32F0xx_HAL_Driver/Src/stm32f0xx_hal_uart.o

.debug_macro    0x00000000    0x1c91a
 .debug_macro   0x00000000      0x1f5 ./Core/Src/button.o
 .debug_macro   0x000001f5      0xa8a ./Core/Src/button.o
 .debug_macro   0x00000c7f      0x13f ./Core/Src/button.o
 .debug_macro   0x00000dbe       0x2e ./Core/Src/button.o
 .debug_macro   0x00000dec       0x22 ./Core/Src/button.o
 .debug_macro   0x00000e0e       0x22 ./Core/Src/button.o
 .debug_macro   0x00000e30       0x8e ./Core/Src/button.o
 .debug_macro   0x00000ebe       0x51 ./Core/Src/button.o
 .debug_macro   0x00000f0f      0x103 ./Core/Src/button.o
 .debug_macro   0x00001012       0x6a ./Core/Src/button.o
 .debug_macro   0x0000107c      0x1df ./Core/Src/button.o
 .debug_macro   0x0000125b       0x1c ./Core/Src/button.o
 .debug_macro   0x00001277       0x22 ./Core/Src/button.o
 .debug_macro   0x00001299       0xaf ./Core/Src/button.o
 .debug_macro   0x00001348      0x391 ./Core/Src/button.o
 .debug_macro   0x000016d9     0xfe73 ./Core/Src/button.o
 .debug_macro   0x0001154c       0x66 ./Core/Src/button.o
 .debug_macro   0x000115b2     0x34da ./Core/Src/button.o
 .debug_macro   0x00014a8c      0x189 ./Core/Src/button.o
 .debug_macro   0x00014c15       0x55 ./Core/Src/button.o
 .debug_macro   0x00014c6a      0x946 ./Core/Src/button.o
 .debug_macro   0x000155b0      0x5f3 ./Core/Src/button.o
 .debug_macro   0x00015ba3      0x1ae ./Core/Src/button.o
 .debug_macro   0x00015d51      0x1a7 ./Core/Src/button.o
 .debug_macro   0x00015ef8      0x1a7 ./Core/Src/button.o
 .debug_macro   0x0001609f      0x22c ./Core/Src/button.o
 .debug_macro   0x000162cb       0x34 ./Core/Src/button.o
 .debug_macro   0x000162ff       0x43 ./Core/Src/button.o
 .debug_macro   0x00016342       0x28 ./Core/Src/button.o
 .debug_macro   0x0001636a      0x33d ./Core/Src/button.o
 .debug_macro   0x000166a7       0xd4 ./Core/Src/button.o
 .debug_macro   0x0001677b       0xb0 ./Core/Src/button.o
 .debug_macro   0x0001682b      0x217 ./Core/Src/button.o
 .debug_macro   0x00016a42      0x22c ./Core/Src/button.o
 .debug_macro   0x00016c6e       0x61 ./Core/Src/button.o
 .debug_macro   0x00016ccf       0xa5 ./Core/Src/button.o
 .debug_macro   0x00016d74       0x4c ./Core/Src/button.o
 .debug_macro   0x00016dc0      0x16d ./Core/Src/button.o
 .debug_macro   0x00016f2d      0x2fe ./Core/Src/button.o
 .debug_macro   0x0001722b      0x8f4 ./Core/Src/button.o
 .debug_macro   0x00017b1f       0x28 ./Core/Src/button.o
 .debug_macro   0x00017b47      0x5ba ./Core/Src/button.o
 .debug_macro   0x00018101       0x44 ./Core/Src/button.o
 .debug_macro   0x00018145      0x130 ./Core/Src/button.o
 .debug_macro   0x00018275      0x1f5 ./Core/Src/encoder.o
 .debug_macro   0x0001846a      0x34a ./Core/Src/gui.o
 .debug_macro   0x000187b4       0xb2 ./Core/Src/gui.o
 .debug_macro   0x00018866       0x61 ./Core/Src/gui.o
 .debug_macro   0x000188c7       0x24 ./Core/Src/gui.o
 .debug_macro   0x000188eb       0x43 ./Core/Src/gui.o
 .debug_macro   0x0001892e       0x34 ./Core/Src/gui.o
 .debug_macro   0x00018962       0x58 ./Core/Src/gui.o
 .debug_macro   0x000189ba       0x22 ./Core/Src/gui.o
 .debug_macro   0x000189dc       0x16 ./Core/Src/gui.o
 .debug_macro   0x000189f2       0x35 ./Core/Src/gui.o
 .debug_macro   0x00018a27      0x369 ./Core/Src/gui.o
 .debug_macro   0x00018d90       0x10 ./Core/Src/gui.o
 .debug_macro   0x00018da0       0x16 ./Core/Src/gui.o
 .debug_macro   0x00018db6       0x43 ./Core/Src/gui.o
 .debug_macro   0x00018df9       0x34 ./Core/Src/gui.o
 .debug_macro   0x00018e2d       0x10 ./Core/Src/gui.o
 .debug_macro   0x00018e3d       0x58 ./Core/Src/gui.o
 .debug_macro   0x00018e95       0x8e ./Core/Src/gui.o
 .debug_macro   0x00018f23       0x1c ./Core/Src/gui.o
 .debug_macro   0x00018f3f      0x177 ./Core/Src/gui.o
 .debug_macro   0x000190b6       0x16 ./Core/Src/gui.o
 .debug_macro   0x000190cc       0x16 ./Core/Src/gui.o
 .debug_macro   0x000190e2      0x146 ./Core/Src/gui.o
 .debug_macro   0x00019228       0x16 ./Core/Src/gui.o
 .debug_macro   0x0001923e       0x20 ./Core/Src/gui.o
 .debug_macro   0x0001925e      0x208 ./Core/Src/main.o
 .debug_macro   0x00019466      0x35e ./Core/Src/opensolder.o
 .debug_macro   0x000197c4      0x336 ./Core/Src/ssd1306.o
 .debug_macro   0x00019afa       0x5b ./Core/Src/ssd1306.o
 .debug_macro   0x00019b55       0x94 ./Core/Src/ssd1306.o
 .debug_macro   0x00019be9       0x57 ./Core/Src/ssd1306.o
 .debug_macro   0x00019c40       0x52 ./Core/Src/ssd1306.o
 .debug_macro   0x00019c92      0x19b ./Core/Src/ssd1306.o
 .debug_macro   0x00019e2d       0x16 ./Core/Src/ssd1306.o
 .debug_macro   0x00019e43       0x16 ./Core/Src/ssd1306.o
 .debug_macro   0x00019e59       0x29 ./Core/Src/ssd1306.o
 .debug_macro   0x00019e82      0x213 ./Core/Src/ssd1306_fonts.o
 .debug_macro   0x0001a095      0x1fa ./Core/Src/stm32f0xx_hal_msp.o
 .debug_macro   0x0001a28f      0x204 ./Core/Src/stm32f0xx_it.o
 .debug_macro   0x0001a493       0xff ./Core/Src/sysmem.o
 .debug_macro   0x0001a592      0x23c ./Core/Src/sysmem.o
 .debug_macro   0x0001a7ce      0x1eb ./Core/Src/system_stm32f0xx.o
 .debug_macro   0x0001a9b9      0x316 ./Core/Src/temperature.o
 .debug_macro   0x0001accf      0x20f ./Drivers/STM32F0xx_HAL_Driver/Src/stm32f0xx_hal.o
 .debug_macro   0x0001aede      0x20f ./Drivers/STM32F0xx_HAL_Driver/Src/stm32f0xx_hal_adc.o
 .debug_macro   0x0001b0ed      0x1f7 ./Drivers/STM32F0xx_HAL_Driver/Src/stm32f0xx_hal_adc_ex.o
 .debug_macro   0x0001b2e4      0x1eb ./Drivers/STM32F0xx_HAL_Driver/Src/stm32f0xx_hal_cortex.o
 .debug_macro   0x0001b4cf      0x1eb ./Drivers/STM32F0xx_HAL_Driver/Src/stm32f0xx_hal_dma.o
 .debug_macro   0x0001b6ba      0x1f2 ./Drivers/STM32F0xx_HAL_Driver/Src/stm32f0xx_hal_gpio.o
 .debug_macro   0x0001b8ac      0x2b7 ./Drivers/STM32F0xx_HAL_Driver/Src/stm32f0xx_hal_i2c.o
 .debug_macro   0x0001bb63      0x1eb ./Drivers/STM32F0xx_HAL_Driver/Src/stm32f0xx_hal_i2c_ex.o
 .debug_macro   0x0001bd4e      0x1fd ./Drivers/STM32F0xx_HAL_Driver/Src/stm32f0xx_hal_rcc.o
 .debug_macro   0x0001bf4b      0x1fd ./Drivers/STM32F0xx_HAL_Driver/Src/stm32f0xx_hal_rcc_ex.o
 .debug_macro   0x0001c148      0x1f3 ./Drivers/STM32F0xx_HAL_Driver/Src/stm32f0xx_hal_spi.o
 .debug_macro   0x0001c33b      0x1ec ./Drivers/STM32F0xx_HAL_Driver/Src/stm32f0xx_hal_tim.o
 .debug_macro   0x0001c527      0x1eb ./Drivers/STM32F0xx_HAL_Driver/Src/stm32f0xx_hal_tim_ex.o
 .debug_macro   0x0001c712      0x208 ./Drivers/STM32F0xx_HAL_Driver/Src/stm32f0xx_hal_uart.o

.debug_line     0x00000000    0x1c149
 .debug_line    0x00000000      0x892 ./Core/Src/button.o
 .debug_line    0x00000892      0x8bc ./Core/Src/encoder.o
 .debug_line    0x0000114e      0xb51 ./Core/Src/gui.o
 .debug_line    0x00001c9f      0xaf2 ./Core/Src/main.o
 .debug_line    0x00002791      0xba3 ./Core/Src/opensolder.o
 .debug_line    0x00003334      0xeff ./Core/Src/ssd1306.o
 .debug_line    0x00004233      0x7d5 ./Core/Src/ssd1306_fonts.o
 .debug_line    0x00004a08      0x9dc ./Core/Src/stm32f0xx_hal_msp.o
 .debug_line    0x000053e4      0x891 ./Core/Src/stm32f0xx_it.o
 .debug_line    0x00005c75      0x583 ./Core/Src/sysmem.o
 .debug_line    0x000061f8      0x854 ./Core/Src/system_stm32f0xx.o
 .debug_line    0x00006a4c      0xd28 ./Core/Src/temperature.o
 .debug_line    0x00007774       0x7b ./Core/Startup/startup_stm32f072cbtx.o
 .debug_line    0x000077ef      0xa47 ./Drivers/STM32F0xx_HAL_Driver/Src/stm32f0xx_hal.o
 .debug_line    0x00008236     0x12a4 ./Drivers/STM32F0xx_HAL_Driver/Src/stm32f0xx_hal_adc.o
 .debug_line    0x000094da      0x85d ./Drivers/STM32F0xx_HAL_Driver/Src/stm32f0xx_hal_adc_ex.o
 .debug_line    0x00009d37      0xaf3 ./Drivers/STM32F0xx_HAL_Driver/Src/stm32f0xx_hal_cortex.o
 .debug_line    0x0000a82a      0xd6b ./Drivers/STM32F0xx_HAL_Driver/Src/stm32f0xx_hal_dma.o
 .debug_line    0x0000b595      0xbf5 ./Drivers/STM32F0xx_HAL_Driver/Src/stm32f0xx_hal_gpio.o
 .debug_line    0x0000c18a     0x3b01 ./Drivers/STM32F0xx_HAL_Driver/Src/stm32f0xx_hal_i2c.o
 .debug_line    0x0000fc8b      0x9ea ./Drivers/STM32F0xx_HAL_Driver/Src/stm32f0xx_hal_i2c_ex.o
 .debug_line    0x00010675      0xed4 ./Drivers/STM32F0xx_HAL_Driver/Src/stm32f0xx_hal_rcc.o
 .debug_line    0x00011549      0xcef ./Drivers/STM32F0xx_HAL_Driver/Src/stm32f0xx_hal_rcc_ex.o
 .debug_line    0x00012238     0x1fc8 ./Drivers/STM32F0xx_HAL_Driver/Src/stm32f0xx_hal_spi.o
 .debug_line    0x00014200     0x381e ./Drivers/STM32F0xx_HAL_Driver/Src/stm32f0xx_hal_tim.o
 .debug_line    0x00017a1e     0x19e4 ./Drivers/STM32F0xx_HAL_Driver/Src/stm32f0xx_hal_tim_ex.o
 .debug_line    0x00019402     0x2d47 ./Drivers/STM32F0xx_HAL_Driver/Src/stm32f0xx_hal_uart.o

.debug_str      0x00000000    0xa0a6e
 .debug_str     0x00000000    0x95e38 ./Core/Src/button.o
                              0x960f1 (size before relaxing)
 .debug_str     0x00095e38       0xdd ./Core/Src/encoder.o
                              0x9609f (size before relaxing)
 .debug_str     0x00095f15     0x42e0 ./Core/Src/gui.o
                              0x9a29a (size before relaxing)
 .debug_str     0x0009a1f5     0x11fb ./Core/Src/main.o
                              0x976f5 (size before relaxing)
 .debug_str     0x0009b3f0      0x1c8 ./Core/Src/opensolder.o
                              0x9ad77 (size before relaxing)
 .debug_str     0x0009b5b8      0xb88 ./Core/Src/ssd1306.o
                              0x9a68c (size before relaxing)
 .debug_str     0x0009c140       0x4c ./Core/Src/ssd1306_fonts.o
                              0x963e6 (size before relaxing)
 .debug_str     0x0009c18c      0x17b ./Core/Src/stm32f0xx_hal_msp.o
                              0x9733f (size before relaxing)
 .debug_str     0x0009c307       0xe5 ./Core/Src/stm32f0xx_it.o
                              0x967d8 (size before relaxing)
 .debug_str     0x0009c3ec      0x4dc ./Core/Src/sysmem.o
                               0x5fd7 (size before relaxing)
 .debug_str     0x0009c8c8       0x8b ./Core/Src/system_stm32f0xx.o
                              0x96027 (size before relaxing)
 .debug_str     0x0009c953      0x2b8 ./Core/Src/temperature.o
                              0x9ab52 (size before relaxing)
 .debug_str     0x0009cc0b       0x44 ./Core/Startup/startup_stm32f072cbtx.o
                                 0x92 (size before relaxing)
 .debug_str     0x0009cc4f      0x364 ./Drivers/STM32F0xx_HAL_Driver/Src/stm32f0xx_hal.o
                              0x9661d (size before relaxing)
 .debug_str     0x0009cfb3      0x356 ./Drivers/STM32F0xx_HAL_Driver/Src/stm32f0xx_hal_adc.o
                              0x96734 (size before relaxing)
 .debug_str     0x0009d309       0x8c ./Drivers/STM32F0xx_HAL_Driver/Src/stm32f0xx_hal_adc_ex.o
                              0x963ae (size before relaxing)
 .debug_str     0x0009d395      0x173 ./Drivers/STM32F0xx_HAL_Driver/Src/stm32f0xx_hal_cortex.o
                              0x9640e (size before relaxing)
 .debug_str     0x0009d508      0x1fa ./Drivers/STM32F0xx_HAL_Driver/Src/stm32f0xx_hal_dma.o
                              0x963cd (size before relaxing)
 .debug_str     0x0009d702       0xc3 ./Drivers/STM32F0xx_HAL_Driver/Src/stm32f0xx_hal_gpio.o
                              0x961c8 (size before relaxing)
 .debug_str     0x0009d7c5      0xe2c ./Drivers/STM32F0xx_HAL_Driver/Src/stm32f0xx_hal_i2c.o
                              0x97385 (size before relaxing)
 .debug_str     0x0009e5f1       0xb8 ./Drivers/STM32F0xx_HAL_Driver/Src/stm32f0xx_hal_i2c_ex.o
                              0x96585 (size before relaxing)
 .debug_str     0x0009e6a9      0x20f ./Drivers/STM32F0xx_HAL_Driver/Src/stm32f0xx_hal_rcc.o
                              0x9646e (size before relaxing)
 .debug_str     0x0009e8b8      0x2af ./Drivers/STM32F0xx_HAL_Driver/Src/stm32f0xx_hal_rcc_ex.o
                              0x96426 (size before relaxing)
 .debug_str     0x0009eb67      0x538 ./Drivers/STM32F0xx_HAL_Driver/Src/stm32f0xx_hal_spi.o
                              0x96997 (size before relaxing)
 .debug_str     0x0009f09f      0xcfd ./Drivers/STM32F0xx_HAL_Driver/Src/stm32f0xx_hal_tim.o
                              0x9743d (size before relaxing)
 .debug_str     0x0009fd9c      0x493 ./Drivers/STM32F0xx_HAL_Driver/Src/stm32f0xx_hal_tim_ex.o
                              0x96c49 (size before relaxing)
 .debug_str     0x000a022f      0x83f ./Drivers/STM32F0xx_HAL_Driver/Src/stm32f0xx_hal_uart.o
                              0x96d8b (size before relaxing)

.comment        0x00000000       0x43
 .comment       0x00000000       0x43 ./Core/Src/button.o
                                 0x44 (size before relaxing)
 .comment       0x00000043       0x44 ./Core/Src/encoder.o