../Core/Src/main.c:85:5:main	8	static
../Core/Src/main.c:142:6:SystemClock_Config	112	static
../Core/Src/main.c:193:13:MX_ADC_Init	24	static
../Core/Src/main.c:247:13:MX_I2C1_Init	8	static
../Core/Src/main.c:295:13:MX_SPI1_Init	8	static
../Core/Src/main.c:335:13:MX_TIM2_Init	64	static
../Core/Src/main.c:384:13:MX_TIM6_Init	16	static
../Core/Src/main.c:422:13:MX_TIM7_Init	16	static
../Core/Src/main.c:460:13:MX_USART1_UART_Init	8	static
../Core/Src/main.c:493:13:MX_DMA_Init	16	static
../Core/Src/main.c:511:13:MX_GPIO_Init	48	static
../Core/Src/main.c:582:6:Error_Handler	8	static,ignoring_inline_asm
