../Core/Src/ssd1306.c:24:6:ssd1306_Reset	8	static
../Core/Src/ssd1306.c:36:6:ssd1306_WriteCommand	16	static
../Core/Src/ssd1306.c:44:6:ssd1306_WriteData	16	static
../Core/Src/ssd1306.c:63:17:ssd1306_FillBuffer	32	static
../Core/Src/ssd1306.c:73:6:ssd1306_Init	8	static
../Core/Src/ssd1306.c:175:6:ssd1306_Fill	24	static
../Core/Src/ssd1306.c:185:6:ssd1306_UpdateScreen	16	static
../Core/Src/ssd1306.c:204:6:ssd1306_DrawPixel	24	static
../Core/Src/ssd1306.c:227:6:ssd1306_WriteChar	48	static
../Core/Src/ssd1306.c:262:6:ssd1306_WriteString	24	static
../Core/Src/ssd1306.c:279:6:ssd1306_SetCursor	16	static
../Core/Src/ssd1306.c:285:6:ssd1306_Line	48	static
../Core/Src/ssd1306.c:321:6:ssd1306_Polyline	40	static
../Core/Src/ssd1306.c:335:14:ssd1306_DegToRad	16	static
../Core/Src/ssd1306.c:339:17:ssd1306_NormalizeTo0_360	32	static
../Core/Src/ssd1306.c:356:6:ssd1306_DrawArc	64	static
../Core/Src/ssd1306.c:393:6:ssd1306_DrawCircle	40	static
../Core/Src/ssd1306.c:438:6:ssd1306_DrawRectangle	32	static
../Core/Src/ssd1306.c:447:6:ssd1306_DrawFilledRectangle	40	static
../Core/Src/ssd1306.c:453:6:ssd1306_SetContrast	24	static
../Core/Src/ssd1306.c:459:6:ssd1306_SetDisplayOn	24	static
../Core/Src/ssd1306.c:471:9:ssd1306_GetDisplayOn	8	static
